Archive member included to satisfy reference by file (symbol)

/opt/Atollic_TrueSTUDIO_for_STM32_x86_64_9.0.0/ARMTools/bin/../lib/gcc/arm-atollic-eabi/6.3.1/../../../../arm-atollic-eabi/lib/armv7-m/libc_nano.a(lib_a-init.o)
                              src/startup_stm32f10x_md.o (__libc_init_array)
/opt/Atollic_TrueSTUDIO_for_STM32_x86_64_9.0.0/ARMTools/bin/../lib/gcc/arm-atollic-eabi/6.3.1/../../../../arm-atollic-eabi/lib/armv7-m/libc_nano.a(lib_a-memcmp.o)
                              src/tiny_broker.o (memcmp)
/opt/Atollic_TrueSTUDIO_for_STM32_x86_64_9.0.0/ARMTools/bin/../lib/gcc/arm-atollic-eabi/6.3.1/../../../../arm-atollic-eabi/lib/armv7-m/libc_nano.a(lib_a-memcpy-stub.o)
                              src/main.o (memcpy)
/opt/Atollic_TrueSTUDIO_for_STM32_x86_64_9.0.0/ARMTools/bin/../lib/gcc/arm-atollic-eabi/6.3.1/../../../../arm-atollic-eabi/lib/armv7-m/libc_nano.a(lib_a-memset.o)
                              src/bmp280_hal.o (memset)
/opt/Atollic_TrueSTUDIO_for_STM32_x86_64_9.0.0/ARMTools/bin/../lib/gcc/arm-atollic-eabi/6.3.1/../../../../arm-atollic-eabi/lib/armv7-m/libc_nano.a(lib_a-strcmp.o)
                              src/tiny_broker.o (strcmp)
/opt/Atollic_TrueSTUDIO_for_STM32_x86_64_9.0.0/ARMTools/bin/../lib/gcc/arm-atollic-eabi/6.3.1/../../../../arm-atollic-eabi/lib/armv7-m/libc_nano.a(lib_a-strlen.o)
                              src/mqtt_packet.o (strlen)
/opt/Atollic_TrueSTUDIO_for_STM32_x86_64_9.0.0/ARMTools/bin/../lib/gcc/arm-atollic-eabi/6.3.1/../../../../arm-atollic-eabi/lib/armv7-m/libc_nano.a(lib_a-strstr.o)
                              src/tiny_broker.o (strstr)
/opt/Atollic_TrueSTUDIO_for_STM32_x86_64_9.0.0/ARMTools/bin/../lib/gcc/arm-atollic-eabi/6.3.1/armv7-m/libgcc.a(_arm_addsubdf3.o)
                              src/bmp280.o (__aeabi_dsub)
/opt/Atollic_TrueSTUDIO_for_STM32_x86_64_9.0.0/ARMTools/bin/../lib/gcc/arm-atollic-eabi/6.3.1/armv7-m/libgcc.a(_arm_muldivdf3.o)
                              src/bmp280.o (__aeabi_dmul)
/opt/Atollic_TrueSTUDIO_for_STM32_x86_64_9.0.0/ARMTools/bin/../lib/gcc/arm-atollic-eabi/6.3.1/armv7-m/libgcc.a(_arm_cmpdf2.o)
                              src/bmp280.o (__aeabi_dcmplt)
/opt/Atollic_TrueSTUDIO_for_STM32_x86_64_9.0.0/ARMTools/bin/../lib/gcc/arm-atollic-eabi/6.3.1/armv7-m/libgcc.a(_arm_fixdfsi.o)
                              src/bmp280.o (__aeabi_d2iz)
/opt/Atollic_TrueSTUDIO_for_STM32_x86_64_9.0.0/ARMTools/bin/../lib/gcc/arm-atollic-eabi/6.3.1/armv7-m/libgcc.a(_aeabi_ldivmod.o)
                              src/bme280.o (__aeabi_ldivmod)
/opt/Atollic_TrueSTUDIO_for_STM32_x86_64_9.0.0/ARMTools/bin/../lib/gcc/arm-atollic-eabi/6.3.1/armv7-m/libgcc.a(_udivmoddi4.o)
                              /opt/Atollic_TrueSTUDIO_for_STM32_x86_64_9.0.0/ARMTools/bin/../lib/gcc/arm-atollic-eabi/6.3.1/armv7-m/libgcc.a(_aeabi_ldivmod.o) (__udivmoddi4)
/opt/Atollic_TrueSTUDIO_for_STM32_x86_64_9.0.0/ARMTools/bin/../lib/gcc/arm-atollic-eabi/6.3.1/armv7-m/libgcc.a(_dvmd_tls.o)
                              /opt/Atollic_TrueSTUDIO_for_STM32_x86_64_9.0.0/ARMTools/bin/../lib/gcc/arm-atollic-eabi/6.3.1/armv7-m/libgcc.a(_aeabi_ldivmod.o) (__aeabi_ldiv0)
/opt/Atollic_TrueSTUDIO_for_STM32_x86_64_9.0.0/ARMTools/bin/../lib/gcc/arm-atollic-eabi/6.3.1/../../../../arm-atollic-eabi/lib/armv7-m/libnosys.a(write.o)
                              src/tiny_printf.o (_write)
/opt/Atollic_TrueSTUDIO_for_STM32_x86_64_9.0.0/ARMTools/bin/../lib/gcc/arm-atollic-eabi/6.3.1/../../../../arm-atollic-eabi/lib/armv7-m/libnosys.a(errno.o)
                              /opt/Atollic_TrueSTUDIO_for_STM32_x86_64_9.0.0/ARMTools/bin/../lib/gcc/arm-atollic-eabi/6.3.1/../../../../arm-atollic-eabi/lib/armv7-m/libnosys.a(write.o) (errno)

Allocating common symbols
Common symbol       size              file

errno               0x4               /opt/Atollic_TrueSTUDIO_for_STM32_x86_64_9.0.0/ARMTools/bin/../lib/gcc/arm-atollic-eabi/6.3.1/../../../../arm-atollic-eabi/lib/armv7-m/libnosys.a(errno.o)
ILI9341_x           0x2               src/tm_stm32_ili9341.o
local_host          0x101             src/main.o
temp                0x1               src/main.o
data_array          0x20              src/main.o
big_array           0x5dc             src/main.o
payload_len         0x1               src/nrf24.o
ILI9341_Opts        0x6               src/tm_stm32_ili9341.o
ILI9341_y           0x2               src/tm_stm32_ili9341.o
layer3_buff         0xe6              src/main.o

Discarded input sections

 .text          0x0000000000000000        0x0 /opt/Atollic_TrueSTUDIO_for_STM32_x86_64_9.0.0/ARMTools/bin/../lib/gcc/arm-atollic-eabi/6.3.1/armv7-m/crti.o
 .data          0x0000000000000000        0x0 /opt/Atollic_TrueSTUDIO_for_STM32_x86_64_9.0.0/ARMTools/bin/../lib/gcc/arm-atollic-eabi/6.3.1/armv7-m/crti.o
 .bss           0x0000000000000000        0x0 /opt/Atollic_TrueSTUDIO_for_STM32_x86_64_9.0.0/ARMTools/bin/../lib/gcc/arm-atollic-eabi/6.3.1/armv7-m/crti.o
[...]
Memory Configuration

Name             Origin             Length             Attributes
FLASH            0x0000000008000000 0x0000000000010000 xr
RAM              0x0000000020000000 0x0000000000005000 xrw
MEMORY_B1        0x0000000060000000 0x0000000000000000 xr
*default*        0x0000000000000000 0xffffffffffffffff

Linker script and memory map

LOAD /opt/Atollic_TrueSTUDIO_for_STM32_x86_64_9.0.0/ARMTools/bin/../lib/gcc/arm-atollic-eabi/6.3.1/armv7-m/crti.o
LOAD /opt/Atollic_TrueSTUDIO_for_STM32_x86_64_9.0.0/ARMTools/bin/../lib/gcc/arm-atollic-eabi/6.3.1/armv7-m/crtbegin.o
LOAD Libraries/STM32F10x_StdPeriph_Driver/src/misc.o
LOAD Libraries/STM32F10x_StdPeriph_Driver/src/stm32f10x_adc.o
LOAD Libraries/STM32F10x_StdPeriph_Driver/src/stm32f10x_bkp.o
LOAD Libraries/STM32F10x_StdPeriph_Driver/src/stm32f10x_can.o
LOAD Libraries/STM32F10x_StdPeriph_Driver/src/stm32f10x_cec.o
LOAD Libraries/STM32F10x_StdPeriph_Driver/src/stm32f10x_crc.o
LOAD Libraries/STM32F10x_StdPeriph_Driver/src/stm32f10x_dac.o
LOAD Libraries/STM32F10x_StdPeriph_Driver/src/stm32f10x_dbgmcu.o
LOAD Libraries/STM32F10x_StdPeriph_Driver/src/stm32f10x_dma.o
LOAD Libraries/STM32F10x_StdPeriph_Driver/src/stm32f10x_exti.o
LOAD Libraries/STM32F10x_StdPeriph_Driver/src/stm32f10x_flash.o
LOAD Libraries/STM32F10x_StdPeriph_Driver/src/stm32f10x_fsmc.o
LOAD Libraries/STM32F10x_StdPeriph_Driver/src/stm32f10x_gpio.o
LOAD Libraries/STM32F10x_StdPeriph_Driver/src/stm32f10x_i2c.o
LOAD Libraries/STM32F10x_StdPeriph_Driver/src/stm32f10x_iwdg.o
LOAD Libraries/STM32F10x_StdPeriph_Driver/src/stm32f10x_pwr.o
LOAD Libraries/STM32F10x_StdPeriph_Driver/src/stm32f10x_rcc.o
LOAD Libraries/STM32F10x_StdPeriph_Driver/src/stm32f10x_rtc.o
LOAD Libraries/STM32F10x_StdPeriph_Driver/src/stm32f10x_sdio.o
LOAD Libraries/STM32F10x_StdPeriph_Driver/src/stm32f10x_spi.o
LOAD Libraries/STM32F10x_StdPeriph_Driver/src/stm32f10x_tim.o
LOAD Libraries/STM32F10x_StdPeriph_Driver/src/stm32f10x_usart.o
LOAD Libraries/STM32F10x_StdPeriph_Driver/src/stm32f10x_wwdg.o
LOAD src/bme280.o
LOAD src/bmp280.o
LOAD src/bmp280_hal.o
LOAD src/main.o
LOAD src/mqtt_client.o
LOAD src/mqtt_packet.o
LOAD src/mqtt_socket.o
LOAD src/nrf24.o
LOAD src/nrf24_hal.o
LOAD src/radioPinFunctions.o
LOAD src/startup_stm32f10x_md.o
LOAD src/stm32f1xx_it.o
LOAD src/system_stm32f10x.o
LOAD src/tiny_broker.o
LOAD src/tiny_printf.o
LOAD src/tm_stm32_fonts.o
LOAD src/tm_stm32_ili9341.o
                0x0000000000000080                malloc_getpagesize_P = 0x80
START GROUP
LOAD /opt/Atollic_TrueSTUDIO_for_STM32_x86_64_9.0.0/ARMTools/bin/../lib/gcc/arm-atollic-eabi/6.3.1/../../../../arm-atollic-eabi/lib/armv7-m/libc_nano.a
LOAD /opt/Atollic_TrueSTUDIO_for_STM32_x86_64_9.0.0/ARMTools/bin/../lib/gcc/arm-atollic-eabi/6.3.1/../../../../arm-atollic-eabi/lib/armv7-m/libm.a
END GROUP
START GROUP
LOAD /opt/Atollic_TrueSTUDIO_for_STM32_x86_64_9.0.0/ARMTools/bin/../lib/gcc/arm-atollic-eabi/6.3.1/armv7-m/libgcc.a
LOAD /opt/Atollic_TrueSTUDIO_for_STM32_x86_64_9.0.0/ARMTools/bin/../lib/gcc/arm-atollic-eabi/6.3.1/../../../../arm-atollic-eabi/lib/armv7-m/libc_nano.a
END GROUP
START GROUP
LOAD /opt/Atollic_TrueSTUDIO_for_STM32_x86_64_9.0.0/ARMTools/bin/../lib/gcc/arm-atollic-eabi/6.3.1/armv7-m/libgcc.a
LOAD /opt/Atollic_TrueSTUDIO_for_STM32_x86_64_9.0.0/ARMTools/bin/../lib/gcc/arm-atollic-eabi/6.3.1/../../../../arm-atollic-eabi/lib/armv7-m/libc_nano.a
LOAD /opt/Atollic_TrueSTUDIO_for_STM32_x86_64_9.0.0/ARMTools/bin/../lib/gcc/arm-atollic-eabi/6.3.1/../../../../arm-atollic-eabi/lib/armv7-m/libnosys.a
END GROUP
START GROUP
LOAD /opt/Atollic_TrueSTUDIO_for_STM32_x86_64_9.0.0/ARMTools/bin/../lib/gcc/arm-atollic-eabi/6.3.1/armv7-m/libgcc.a
LOAD /opt/Atollic_TrueSTUDIO_for_STM32_x86_64_9.0.0/ARMTools/bin/../lib/gcc/arm-atollic-eabi/6.3.1/../../../../arm-atollic-eabi/lib/armv7-m/libc_nano.a
LOAD /opt/Atollic_TrueSTUDIO_for_STM32_x86_64_9.0.0/ARMTools/bin/../lib/gcc/arm-atollic-eabi/6.3.1/../../../../arm-atollic-eabi/lib/armv7-m/libnosys.a
END GROUP
LOAD /opt/Atollic_TrueSTUDIO_for_STM32_x86_64_9.0.0/ARMTools/bin/../lib/gcc/arm-atollic-eabi/6.3.1/armv7-m/crtend.o
LOAD /opt/Atollic_TrueSTUDIO_for_STM32_x86_64_9.0.0/ARMTools/bin/../lib/gcc/arm-atollic-eabi/6.3.1/armv7-m/crtn.o
                0x0000000020005000                _estack = 0x20005000
                0x0000000000000000                _Min_Heap_Size = 0x0
                0x0000000000000100                _Min_Stack_Size = 0x100

.isr_vector     0x0000000008000000      0x10c
                0x0000000008000000                . = ALIGN (0x4)
 *(.isr_vector)
 .isr_vector    0x0000000008000000      0x10c src/startup_stm32f10x_md.o
                0x0000000008000000                g_pfnVectors
                0x000000000800010c                . = ALIGN (0x4)

.text           0x000000000800010c     0x2450
                0x000000000800010c                . = ALIGN (0x4)
 *(.text)
 .text          0x000000000800010c       0x40 /opt/Atollic_TrueSTUDIO_for_STM32_x86_64_9.0.0/ARMTools/bin/../lib/gcc/arm-atollic-eabi/6.3.1/armv7-m/crtbegin.o
 .text          0x000000000800014c       0x14 /opt/Atollic_TrueSTUDIO_for_STM32_x86_64_9.0.0/ARMTools/bin/../lib/gcc/arm-atollic-eabi/6.3.1/../../../../arm-atollic-eabi/lib/armv7-m/libc_nano.a(lib_a-strcmp.o)
                0x000000000800014c                strcmp
 .text          0x0000000008000160       0x10 /opt/Atollic_TrueSTUDIO_for_STM32_x86_64_9.0.0/ARMTools/bin/../lib/gcc/arm-atollic-eabi/6.3.1/../../../../arm-atollic-eabi/lib/armv7-m/libc_nano.a(lib_a-strlen.o)
                0x0000000008000160                strlen
 *(.text*)
 .text.GPIO_Init
                0x0000000008000170      0x178 Libraries/STM32F10x_StdPeriph_Driver/src/stm32f10x_gpio.o
                0x0000000008000170                GPIO_Init
 .text.GPIO_SetBits
                0x00000000080002e8       0x1c Libraries/STM32F10x_StdPeriph_Driver/src/stm32f10x_gpio.o
                0x00000000080002e8                GPIO_SetBits
 .text.GPIO_ResetBits
                0x0000000008000304       0x1c Libraries/STM32F10x_StdPeriph_Driver/src/stm32f10x_gpio.o
                0x0000000008000304                GPIO_ResetBits
 .text.RCC_APB2PeriphClockCmd
                0x0000000008000320       0x3c Libraries/STM32F10x_StdPeriph_Driver/src/stm32f10x_rcc.o
                0x0000000008000320                RCC_APB2PeriphClockCmd
 .text.SPI_Init
                0x000000000800035c       0x86 Libraries/STM32F10x_StdPeriph_Driver/src/stm32f10x_spi.o
                0x000000000800035c                SPI_Init
 .text.SPI_Cmd  0x00000000080003e2       0x3e Libraries/STM32F10x_StdPeriph_Driver/src/stm32f10x_spi.o
                0x00000000080003e2                SPI_Cmd
 .text.SPI_I2S_SendData
                0x0000000008000420       0x1c Libraries/STM32F10x_StdPeriph_Driver/src/stm32f10x_spi.o
                0x0000000008000420                SPI_I2S_SendData
 .text.SPI_I2S_ReceiveData
                0x000000000800043c       0x18 Libraries/STM32F10x_StdPeriph_Driver/src/stm32f10x_spi.o
                0x000000000800043c                SPI_I2S_ReceiveData
 .text.SPI_SSOutputCmd
                0x0000000008000454       0x3e Libraries/STM32F10x_StdPeriph_Driver/src/stm32f10x_spi.o
                0x0000000008000454                SPI_SSOutputCmd
 .text.SPI_I2S_GetFlagStatus
                0x0000000008000492       0x36 Libraries/STM32F10x_StdPeriph_Driver/src/stm32f10x_spi.o
                0x0000000008000492                SPI_I2S_GetFlagStatus
 .text.packet_send_localhost
                0x00000000080004c8       0x2c src/main.o
                0x00000000080004c8                packet_send_localhost
 .text.mqtt_message_cb
                0x00000000080004f4       0x22 src/main.o
                0x00000000080004f4                mqtt_message_cb
 .text.mqt_net_connect_cb
                0x0000000008000516       0x1c src/main.o
                0x0000000008000516                mqt_net_connect_cb
 *fill*         0x0000000008000532        0x2 
 .text.mqtt_net_read_cb
                0x0000000008000534       0x28 src/main.o
                0x0000000008000534                mqtt_net_read_cb
 .text.mqtt_net_write_cb
                0x000000000800055c       0x24 src/main.o
                0x000000000800055c                mqtt_net_write_cb
 .text.mqtt_net_disconnect_cb
                0x0000000008000580       0x14 src/main.o
                0x0000000008000580                mqtt_net_disconnect_cb
 .text.main     0x0000000008000594      0x1c8 src/main.o
                0x0000000008000594                main
 .text.MqttClient_HandlePayload
                0x000000000800075c      0x330 src/mqtt_client.o
 .text.MqttClient_WaitType
                0x0000000008000a8c       0xf4 src/mqtt_client.o
 .text.MqttClient_Init
                0x0000000008000b80       0x78 src/mqtt_client.o
                0x0000000008000b80                MqttClient_Init
 .text.MqttClient_Connect
                0x0000000008000bf8       0x8e src/mqtt_client.o
                0x0000000008000bf8                MqttClient_Connect
 .text.MqttEncode_FixedHeader
                0x0000000008000c86       0x8e src/mqtt_packet.o
 .text.MqttDecode_FixedHeader
                0x0000000008000d14       0x9c src/mqtt_packet.o
 .text.MqttDecode_RemainLen
                0x0000000008000db0       0x8c src/mqtt_packet.o
                0x0000000008000db0                MqttDecode_RemainLen
 .text.MqttEncode_RemainLen
                0x0000000008000e3c       0x8a src/mqtt_packet.o
                0x0000000008000e3c                MqttEncode_RemainLen
 .text.MqttDecode_Num
                0x0000000008000ec6       0x40 src/mqtt_packet.o
                0x0000000008000ec6                MqttDecode_Num
 .text.MqttEncode_Num
                0x0000000008000f06       0x2e src/mqtt_packet.o
                0x0000000008000f06                MqttEncode_Num
 .text.MqttDecode_String
                0x0000000008000f34       0x4a src/mqtt_packet.o
                0x0000000008000f34                MqttDecode_String
 .text.MqttEncode_String
                0x0000000008000f7e       0x44 src/mqtt_packet.o
                0x0000000008000f7e                MqttEncode_String
 .text.MqttEncode_Data
                0x0000000008000fc2       0x3c src/mqtt_packet.o
                0x0000000008000fc2                MqttEncode_Data
 *fill*         0x0000000008000ffe        0x2 
 .text.MqttEncode_Connect
                0x0000000008001000      0x260 src/mqtt_packet.o
                0x0000000008001000                MqttEncode_Connect
 .text.MqttDecode_ConnectAck
                0x0000000008001260       0x70 src/mqtt_packet.o
                0x0000000008001260                MqttDecode_ConnectAck
 .text.MqttDecode_Publish
                0x00000000080012d0       0xee src/mqtt_packet.o
                0x00000000080012d0                MqttDecode_Publish
 .text.MqttEncode_PublishResp
                0x00000000080013be       0x8c src/mqtt_packet.o
                0x00000000080013be                MqttEncode_PublishResp
 .text.MqttDecode_PublishResp
                0x000000000800144a       0x7a src/mqtt_packet.o
                0x000000000800144a                MqttDecode_PublishResp
 .text.MqttDecode_SubscribeAck
                0x00000000080014c4       0x80 src/mqtt_packet.o
                0x00000000080014c4                MqttDecode_SubscribeAck
 .text.MqttDecode_UnsubscribeAck
                0x0000000008001544       0x7a src/mqtt_packet.o
                0x0000000008001544                MqttDecode_UnsubscribeAck
 .text.MqttDecode_Ping
                0x00000000080015be       0x50 src/mqtt_packet.o
                0x00000000080015be                MqttDecode_Ping
 .text.MqttPacket_Write
                0x000000000800160e       0x26 src/mqtt_packet.o
                0x000000000800160e                MqttPacket_Write
 .text.MqttPacket_Read
                0x0000000008001634      0x13a src/mqtt_packet.o
                0x0000000008001634                MqttPacket_Read
 .text.MqttSocket_Init
                0x000000000800176e       0x5e src/mqtt_socket.o
                0x000000000800176e                MqttSocket_Init
 .text.MqttSocket_WriteDo
                0x00000000080017cc       0x2e src/mqtt_socket.o
 .text.MqttSocket_Write
                0x00000000080017fa       0xa0 src/mqtt_socket.o
                0x00000000080017fa                MqttSocket_Write
 .text.MqttSocket_ReadDo
                0x000000000800189a       0x2e src/mqtt_socket.o
 .text.MqttSocket_Read
                0x00000000080018c8       0xa0 src/mqtt_socket.o
                0x00000000080018c8                MqttSocket_Read
 .text._delay_ms
                0x0000000008001968       0x3a src/nrf24.o
                0x0000000008001968                _delay_ms
 .text.l3_receive_packet
                0x00000000080019a2       0x58 src/nrf24.o
                0x00000000080019a2                l3_receive_packet
 .text.nrf24_init
                0x00000000080019fa       0x18 src/nrf24.o
                0x00000000080019fa                nrf24_init
 .text.nRF24_restore_defaults
                0x0000000008001a12       0xba src/nrf24.o
                0x0000000008001a12                nRF24_restore_defaults
 .text.nrf24_config
                0x0000000008001acc       0x94 src/nrf24.o
                0x0000000008001acc                nrf24_config
 .text.nrf24_rx_address
                0x0000000008001b60       0x26 src/nrf24.o
                0x0000000008001b60                nrf24_rx_address
 .text.nrf24_tx_address
                0x0000000008001b86       0x24 src/nrf24.o
                0x0000000008001b86                nrf24_tx_address
 .text.nrf24_dataReady
                0x0000000008001baa       0x34 src/nrf24.o
                0x0000000008001baa                nrf24_dataReady
 .text.nrf24_rxFifoEmpty
                0x0000000008001bde       0x22 src/nrf24.o
                0x0000000008001bde                nrf24_rxFifoEmpty
 .text.nrf24_getData
                0x0000000008001c00       0x3c src/nrf24.o
                0x0000000008001c00                nrf24_getData
 .text.nrf24_send
                0x0000000008001c3c       0x54 src/nrf24.o
                0x0000000008001c3c                nrf24_send
 .text.nrf24_isSending
                0x0000000008001c90       0x26 src/nrf24.o
                0x0000000008001c90                nrf24_isSending
 .text.nrf24_getStatus
                0x0000000008001cb6       0x26 src/nrf24.o
                0x0000000008001cb6                nrf24_getStatus
 .text.nrf24_powerUpRx
                0x0000000008001cdc       0x36 src/nrf24.o
                0x0000000008001cdc                nrf24_powerUpRx
 .text.nrf24_powerUpTx
                0x0000000008001d12       0x18 src/nrf24.o
                0x0000000008001d12                nrf24_powerUpTx
 .text.spi_transfer
                0x0000000008001d2a       0x24 src/nrf24.o
                0x0000000008001d2a                spi_transfer
 .text.nrf24_transferSync
                0x0000000008001d4e       0x42 src/nrf24.o
                0x0000000008001d4e                nrf24_transferSync
 .text.nrf24_transmitSync
                0x0000000008001d90       0x36 src/nrf24.o
                0x0000000008001d90                nrf24_transmitSync
 .text.nrf24_configRegister
                0x0000000008001dc6       0x40 src/nrf24.o
                0x0000000008001dc6                nrf24_configRegister
 .text.nrf24_readRegister
                0x0000000008001e06       0x3e src/nrf24.o
                0x0000000008001e06                nrf24_readRegister
 .text.nrf24_writeRegister
                0x0000000008001e44       0x42 src/nrf24.o
                0x0000000008001e44                nrf24_writeRegister
 *fill*         0x0000000008001e86        0x2 
 .text.nRF24_GPIO_Init
                0x0000000008001e88       0xec src/nrf24_hal.o
                0x0000000008001e88                nRF24_GPIO_Init
 .text.nRF24_LL_RW
                0x0000000008001f74       0x4c src/nrf24_hal.o
                0x0000000008001f74                nRF24_LL_RW
 .text.nrf24_setupPins
                0x0000000008001fc0        0xc src/radioPinFunctions.o
                0x0000000008001fc0                nrf24_setupPins
 .text.nrf24_ce_digitalWrite
                0x0000000008001fcc       0x30 src/radioPinFunctions.o
                0x0000000008001fcc                nrf24_ce_digitalWrite
 .text.nrf24_csn_digitalWrite
                0x0000000008001ffc       0x30 src/radioPinFunctions.o
                0x0000000008001ffc                nrf24_csn_digitalWrite
 .text.Reset_Handler
                0x000000000800202c       0x50 src/startup_stm32f10x_md.o
                0x000000000800202c                Reset_Handler
 .text.Default_Handler
                0x000000000800207c        0x2 src/startup_stm32f10x_md.o
                0x000000000800207c                EXTI2_IRQHandler
                0x000000000800207c                TIM1_CC_IRQHandler
                0x000000000800207c                PVD_IRQHandler
                0x000000000800207c                EXTI3_IRQHandler
                0x000000000800207c                EXTI0_IRQHandler
                0x000000000800207c                I2C2_EV_IRQHandler
                0x000000000800207c                ADC1_2_IRQHandler
                0x000000000800207c                SPI1_IRQHandler
                0x000000000800207c                TAMPER_IRQHandler
                0x000000000800207c                DMA1_Channel4_IRQHandler
                0x000000000800207c                USART3_IRQHandler
                0x000000000800207c                RTC_IRQHandler
                0x000000000800207c                DMA1_Channel7_IRQHandler
                0x000000000800207c                CAN1_RX1_IRQHandler
                0x000000000800207c                TIM4_IRQHandler
                0x000000000800207c                I2C1_EV_IRQHandler
                0x000000000800207c                DMA1_Channel6_IRQHandler
                0x000000000800207c                TIM3_IRQHandler
                0x000000000800207c                RCC_IRQHandler
                0x000000000800207c                TIM1_TRG_COM_IRQHandler
                0x000000000800207c                DMA1_Channel1_IRQHandler
                0x000000000800207c                Default_Handler
                0x000000000800207c                EXTI15_10_IRQHandler
                0x000000000800207c                EXTI9_5_IRQHandler
                0x000000000800207c                SPI2_IRQHandler
                0x000000000800207c                DMA1_Channel5_IRQHandler
                0x000000000800207c                EXTI4_IRQHandler
                0x000000000800207c                USB_LP_CAN1_RX0_IRQHandler
                0x000000000800207c                USB_HP_CAN1_TX_IRQHandler
                0x000000000800207c                DMA1_Channel3_IRQHandler
                0x000000000800207c                TIM1_UP_IRQHandler
                0x000000000800207c                WWDG_IRQHandler
                0x000000000800207c                TIM2_IRQHandler
                0x000000000800207c                TIM1_BRK_IRQHandler
                0x000000000800207c                EXTI1_IRQHandler
                0x000000000800207c                RTCAlarm_IRQHandler
                0x000000000800207c                USART2_IRQHandler
                0x000000000800207c                I2C2_ER_IRQHandler
                0x000000000800207c                DMA1_Channel2_IRQHandler
                0x000000000800207c                CAN1_SCE_IRQHandler
                0x000000000800207c                FLASH_IRQHandler
                0x000000000800207c                USART1_IRQHandler
                0x000000000800207c                I2C1_ER_IRQHandler
                0x000000000800207c                USBWakeUp_IRQHandler
 .text.NMI_Handler
                0x000000000800207e        0xc src/stm32f1xx_it.o
                0x000000000800207e                NMI_Handler
 .text.HardFault_Handler
                0x000000000800208a        0x6 src/stm32f1xx_it.o
                0x000000000800208a                HardFault_Handler
 .text.MemManage_Handler
                0x0000000008002090        0x6 src/stm32f1xx_it.o
                0x0000000008002090                MemManage_Handler
 .text.BusFault_Handler
                0x0000000008002096        0x6 src/stm32f1xx_it.o
                0x0000000008002096                BusFault_Handler
 .text.UsageFault_Handler
                0x000000000800209c        0x6 src/stm32f1xx_it.o
                0x000000000800209c                UsageFault_Handler
 .text.SVC_Handler
                0x00000000080020a2        0xc src/stm32f1xx_it.o
                0x00000000080020a2                SVC_Handler
 .text.DebugMon_Handler
                0x00000000080020ae        0xc src/stm32f1xx_it.o
                0x00000000080020ae                DebugMon_Handler
 .text.PendSV_Handler
                0x00000000080020ba        0xc src/stm32f1xx_it.o
                0x00000000080020ba                PendSV_Handler
 .text.SysTick_Handler
                0x00000000080020c6        0xc src/stm32f1xx_it.o
                0x00000000080020c6                SysTick_Handler
 *fill*         0x00000000080020d2        0x2 
 .text.SystemInit
                0x00000000080020d4       0x68 src/system_stm32f10x.o
                0x00000000080020d4                SystemInit
 .text.SetSysClock
                0x000000000800213c        0xc src/system_stm32f10x.o
 .text.SetSysClockTo72
                0x0000000008002148      0x100 src/system_stm32f10x.o
 .text.broker_init
                0x0000000008002248       0x26 src/tiny_broker.o
                0x0000000008002248                broker_init
 .text.is_client_connected
                0x000000000800226e       0x4a src/tiny_broker.o
                0x000000000800226e                is_client_connected
 .text.read_connection_flags
                0x00000000080022b8       0x20 src/tiny_broker.o
 .text.get_id_size
                0x00000000080022d8       0x2a src/tiny_broker.o
 .text.has_broker_space_for_next_client
                0x0000000008002302       0x46 src/tiny_broker.o
 .text.broker_find_client_pos
                0x0000000008002348       0x4a src/tiny_broker.o
 .text.broker_remove_client
                0x0000000008002392       0x38 src/tiny_broker.o
                0x0000000008002392                broker_remove_client
 .text.get_free_slot_for_client
                0x00000000080023ca       0x52 src/tiny_broker.o
 .text.acccept_connection
                0x000000000800241c       0x84 src/tiny_broker.o
                0x000000000800241c                acccept_connection
 .text.__libc_init_array
                0x00000000080024a0       0x48 /opt/Atollic_TrueSTUDIO_for_STM32_x86_64_9.0.0/ARMTools/bin/../lib/gcc/arm-atollic-eabi/6.3.1/../../../../arm-atollic-eabi/lib/armv7-m/libc_nano.a(lib_a-init.o)
                0x00000000080024a0                __libc_init_array
 .text.memcpy   0x00000000080024e8       0x16 /opt/Atollic_TrueSTUDIO_for_STM32_x86_64_9.0.0/ARMTools/bin/../lib/gcc/arm-atollic-eabi/6.3.1/../../../../arm-atollic-eabi/lib/armv7-m/libc_nano.a(lib_a-memcpy-stub.o)
                0x00000000080024e8                memcpy
 .text.memset   0x00000000080024fe       0x10 /opt/Atollic_TrueSTUDIO_for_STM32_x86_64_9.0.0/ARMTools/bin/../lib/gcc/arm-atollic-eabi/6.3.1/../../../../arm-atollic-eabi/lib/armv7-m/libc_nano.a(lib_a-memset.o)
                0x00000000080024fe                memset
 .text.strstr   0x000000000800250e       0x36 /opt/Atollic_TrueSTUDIO_for_STM32_x86_64_9.0.0/ARMTools/bin/../lib/gcc/arm-atollic-eabi/6.3.1/../../../../arm-atollic-eabi/lib/armv7-m/libc_nano.a(lib_a-strstr.o)
                0x000000000800250e                strstr
 *(.glue_7)
 .glue_7        0x0000000008002544        0x0 linker stubs
 *(.glue_7t)
 .glue_7t       0x0000000008002544        0x0 linker stubs
 *(.eh_frame)
 .eh_frame      0x0000000008002544        0x0 /opt/Atollic_TrueSTUDIO_for_STM32_x86_64_9.0.0/ARMTools/bin/../lib/gcc/arm-atollic-eabi/6.3.1/armv7-m/crtbegin.o
 *(.init)
 .init          0x0000000008002544        0x4 /opt/Atollic_TrueSTUDIO_for_STM32_x86_64_9.0.0/ARMTools/bin/../lib/gcc/arm-atollic-eabi/6.3.1/armv7-m/crti.o
                0x0000000008002544                _init
 .init          0x0000000008002548        0x8 /opt/Atollic_TrueSTUDIO_for_STM32_x86_64_9.0.0/ARMTools/bin/../lib/gcc/arm-atollic-eabi/6.3.1/armv7-m/crtn.o
 *(.fini)
 .fini          0x0000000008002550        0x4 /opt/Atollic_TrueSTUDIO_for_STM32_x86_64_9.0.0/ARMTools/bin/../lib/gcc/arm-atollic-eabi/6.3.1/armv7-m/crti.o
                0x0000000008002550                _fini
 .fini          0x0000000008002554        0x8 /opt/Atollic_TrueSTUDIO_for_STM32_x86_64_9.0.0/ARMTools/bin/../lib/gcc/arm-atollic-eabi/6.3.1/armv7-m/crtn.o
                0x000000000800255c                . = ALIGN (0x4)
                0x000000000800255c                _etext = .

.vfp11_veneer   0x000000000800255c        0x0
 .vfp11_veneer  0x000000000800255c        0x0 linker stubs

.v4_bx          0x000000000800255c        0x0
 .v4_bx         0x000000000800255c        0x0 linker stubs

.iplt           0x000000000800255c        0x0
 .iplt          0x000000000800255c        0x0 /opt/Atollic_TrueSTUDIO_for_STM32_x86_64_9.0.0/ARMTools/bin/../lib/gcc/arm-atollic-eabi/6.3.1/armv7-m/crtbegin.o

.rodata         0x000000000800255c       0x30
                0x000000000800255c                . = ALIGN (0x4)
 *(.rodata)
 .rodata        0x000000000800255c       0x19 src/main.o
 *fill*         0x0000000008002575        0x3 
 .rodata        0x0000000008002578        0xa src/mqtt_packet.o
 *fill*         0x0000000008002582        0x2 
 .rodata        0x0000000008002584        0x5 src/tiny_broker.o
 *(.rodata*)
                0x000000000800258c                . = ALIGN (0x4)
 *fill*         0x0000000008002589        0x3 

.rel.dyn        0x000000000800258c        0x0
 .rel.iplt      0x000000000800258c        0x0 /opt/Atollic_TrueSTUDIO_for_STM32_x86_64_9.0.0/ARMTools/bin/../lib/gcc/arm-atollic-eabi/6.3.1/armv7-m/crtbegin.o

.ARM.extab
 *(.ARM.extab* .gnu.linkonce.armextab.*)

.ARM            0x000000000800258c        0x0
                0x000000000800258c                __exidx_start = .
 *(.ARM.exidx*)
                0x000000000800258c                __exidx_end = .

.preinit_array  0x000000000800258c        0x0
                0x000000000800258c                PROVIDE (__preinit_array_start, .)
 *(.preinit_array*)
                0x000000000800258c                PROVIDE (__preinit_array_end, .)

.init_array     0x000000000800258c        0x4
                0x000000000800258c                PROVIDE (__init_array_start, .)
 *(SORT(.init_array.*))
 *(.init_array*)
 .init_array    0x000000000800258c        0x4 /opt/Atollic_TrueSTUDIO_for_STM32_x86_64_9.0.0/ARMTools/bin/../lib/gcc/arm-atollic-eabi/6.3.1/armv7-m/crtbegin.o
                0x0000000008002590                PROVIDE (__init_array_end, .)

.fini_array     0x0000000008002590        0x4
                [!provide]                        PROVIDE (__fini_array_start, .)
 *(SORT(.fini_array.*))
 *(.fini_array*)
 .fini_array    0x0000000008002590        0x4 /opt/Atollic_TrueSTUDIO_for_STM32_x86_64_9.0.0/ARMTools/bin/../lib/gcc/arm-atollic-eabi/6.3.1/armv7-m/crtbegin.o
                [!provide]                        PROVIDE (__fini_array_end, .)
                0x0000000008002594                _sidata = LOADADDR (.data)

.data           0x0000000020000000       0x10 load address 0x0000000008002594
                0x0000000020000000                . = ALIGN (0x4)
                0x0000000020000000                _sdata = .
 *(.data)
 *(.data*)
 .data.tx_address
                0x0000000020000000        0x5 src/main.o
                0x0000000020000000                tx_address
 *fill*         0x0000000020000005        0x3 
 .data.rx_address
                0x0000000020000008        0x5 src/main.o
                0x0000000020000008                rx_address
                0x0000000020000010                . = ALIGN (0x4)
 *fill*         0x000000002000000d        0x3 
                0x0000000020000010                _edata = .

.igot.plt       0x0000000020000010        0x0 load address 0x00000000080025a4
 .igot.plt      0x0000000020000010        0x0 /opt/Atollic_TrueSTUDIO_for_STM32_x86_64_9.0.0/ARMTools/bin/../lib/gcc/arm-atollic-eabi/6.3.1/armv7-m/crtbegin.o
                0x0000000020000010                . = ALIGN (0x4)

.bss            0x0000000020000010      0x804 load address 0x00000000080025a4
                0x0000000020000010                _sbss = .
                0x0000000020000010                __bss_start__ = _sbss
 *(.bss)
 .bss           0x0000000020000010       0x1c /opt/Atollic_TrueSTUDIO_for_STM32_x86_64_9.0.0/ARMTools/bin/../lib/gcc/arm-atollic-eabi/6.3.1/armv7-m/crtbegin.o
 *(.bss*)
 *(COMMON)
 COMMON         0x000000002000002c      0x7e6 src/main.o
                0x000000002000002c                local_host
                0x000000002000012d                temp
                0x0000000020000130                data_array
                0x0000000020000150                big_array
                0x000000002000072c                layer3_buff
 COMMON         0x0000000020000812        0x1 src/nrf24.o
                0x0000000020000812                payload_len
                0x0000000020000814                . = ALIGN (0x4)
 *fill*         0x0000000020000813        0x1 
                0x0000000020000814                _ebss = .
                0x0000000020000814                __bss_end__ = _ebss

._user_heap_stack
                0x0000000020000814      0x100 load address 0x00000000080025a4
                0x0000000020000814                . = ALIGN (0x4)
                [!provide]                        PROVIDE (end, .)
                [!provide]                        PROVIDE (_end, .)
                0x0000000020000814                . = (. + _Min_Heap_Size)
                0x0000000020000914                . = (. + _Min_Stack_Size)
 *fill*         0x0000000020000814      0x100 
                0x0000000020000914                . = ALIGN (0x4)

.memory_b1_text
 *(.mb1text)
 *(.mb1text*)
 *(.mb1rodata)
 *(.mb1rodata*)

/DISCARD/
 libc.a(*)
 libm.a(*)
 libgcc.a(*)

.ARM.attributes
                0x0000000000000000       0x29
 *(.ARM.attributes)
 .ARM.attributes
                0x0000000000000000       0x1d /opt/Atollic_TrueSTUDIO_for_STM32_x86_64_9.0.0/ARMTools/bin/../lib/gcc/arm-atollic-eabi/6.3.1/armv7-m/crti.o
 .ARM.attributes
                0x000000000000001d       0x2d /opt/Atollic_TrueSTUDIO_for_STM32_x86_64_9.0.0/ARMTools/bin/../lib/gcc/arm-atollic-eabi/6.3.1/armv7-m/crtbegin.o
 .ARM.attributes
                0x000000000000004a       0x33 Libraries/STM32F10x_StdPeriph_Driver/src/stm32f10x_gpio.o
 .ARM.attributes
                0x000000000000007d       0x33 Libraries/STM32F10x_StdPeriph_Driver/src/stm32f10x_rcc.o
 .ARM.attributes
                0x00000000000000b0       0x33 Libraries/STM32F10x_StdPeriph_Driver/src/stm32f10x_spi.o
 .ARM.attributes
                0x00000000000000e3       0x33 src/main.o
 .ARM.attributes
                0x0000000000000116       0x33 src/mqtt_client.o
 .ARM.attributes
                0x0000000000000149       0x33 src/mqtt_packet.o
 .ARM.attributes
                0x000000000000017c       0x33 src/mqtt_socket.o
 .ARM.attributes
                0x00000000000001af       0x33 src/nrf24.o
 .ARM.attributes
                0x00000000000001e2       0x33 src/nrf24_hal.o
 .ARM.attributes
                0x0000000000000215       0x33 src/radioPinFunctions.o
 .ARM.attributes
                0x0000000000000248       0x21 src/startup_stm32f10x_md.o
 .ARM.attributes
                0x0000000000000269       0x33 src/stm32f1xx_it.o
 .ARM.attributes
                0x000000000000029c       0x33 src/system_stm32f10x.o
 .ARM.attributes
                0x00000000000002cf       0x33 src/tiny_broker.o
 .ARM.attributes
                0x0000000000000302       0x2d /opt/Atollic_TrueSTUDIO_for_STM32_x86_64_9.0.0/ARMTools/bin/../lib/gcc/arm-atollic-eabi/6.3.1/../../../../arm-atollic-eabi/lib/armv7-m/libc_nano.a(lib_a-init.o)
 .ARM.attributes
                0x000000000000032f       0x2d /opt/Atollic_TrueSTUDIO_for_STM32_x86_64_9.0.0/ARMTools/bin/../lib/gcc/arm-atollic-eabi/6.3.1/../../../../arm-atollic-eabi/lib/armv7-m/libc_nano.a(lib_a-memcpy-stub.o)
 .ARM.attributes
                0x000000000000035c       0x2d /opt/Atollic_TrueSTUDIO_for_STM32_x86_64_9.0.0/ARMTools/bin/../lib/gcc/arm-atollic-eabi/6.3.1/../../../../arm-atollic-eabi/lib/armv7-m/libc_nano.a(lib_a-memset.o)
 .ARM.attributes
                0x0000000000000389       0x1b /opt/Atollic_TrueSTUDIO_for_STM32_x86_64_9.0.0/ARMTools/bin/../lib/gcc/arm-atollic-eabi/6.3.1/../../../../arm-atollic-eabi/lib/armv7-m/libc_nano.a(lib_a-strcmp.o)
 .ARM.attributes
                0x00000000000003a4       0x17 /opt/Atollic_TrueSTUDIO_for_STM32_x86_64_9.0.0/ARMTools/bin/../lib/gcc/arm-atollic-eabi/6.3.1/../../../../arm-atollic-eabi/lib/armv7-m/libc_nano.a(lib_a-strlen.o)
 .ARM.attributes
                0x00000000000003bb       0x2d /opt/Atollic_TrueSTUDIO_for_STM32_x86_64_9.0.0/ARMTools/bin/../lib/gcc/arm-atollic-eabi/6.3.1/../../../../arm-atollic-eabi/lib/armv7-m/libc_nano.a(lib_a-strstr.o)
 .ARM.attributes
                0x00000000000003e8       0x1d /opt/Atollic_TrueSTUDIO_for_STM32_x86_64_9.0.0/ARMTools/bin/../lib/gcc/arm-atollic-eabi/6.3.1/armv7-m/crtn.o
OUTPUT(home_control_center.elf elf32-littlearm)

.debug_info     0x0000000000000000     0x9800
 .debug_info    0x0000000000000000      0x701 Libraries/STM32F10x_StdPeriph_Driver/src/stm32f10x_gpio.o
 .debug_info    0x0000000000000701      0x8b2 Libraries/STM32F10x_StdPeriph_Driver/src/stm32f10x_rcc.o
 .debug_info    0x0000000000000fb3      0x906 Libraries/STM32F10x_StdPeriph_Driver/src/stm32f10x_spi.o
 .debug_info    0x00000000000018b9     0x13c8 src/main.o
 .debug_info    0x0000000000002c81     0x15ff src/mqtt_client.o
 .debug_info    0x0000000000004280     0x1b2a src/mqtt_packet.o
 .debug_info    0x0000000000005daa      0xfac src/mqtt_socket.o
 .debug_info    0x0000000000006d56      0xde5 src/nrf24.o
 .debug_info    0x0000000000007b3b      0x4b9 src/nrf24_hal.o
 .debug_info    0x0000000000007ff4      0x1b6 src/radioPinFunctions.o
 .debug_info    0x00000000000081aa       0x85 src/startup_stm32f10x_md.o
 .debug_info    0x000000000000822f      0x154 src/stm32f1xx_it.o
 .debug_info    0x0000000000008383      0x4a7 src/system_stm32f10x.o
 .debug_info    0x000000000000882a      0xfd6 src/tiny_broker.o

.debug_abbrev   0x0000000000000000     0x18a8
 .debug_abbrev  0x0000000000000000      0x1dd Libraries/STM32F10x_StdPeriph_Driver/src/stm32f10x_gpio.o
 .debug_abbrev  0x00000000000001dd      0x1cf Libraries/STM32F10x_StdPeriph_Driver/src/stm32f10x_rcc.o
 .debug_abbrev  0x00000000000003ac      0x1ab Libraries/STM32F10x_StdPeriph_Driver/src/stm32f10x_spi.o
 .debug_abbrev  0x0000000000000557      0x2b5 src/main.o
 .debug_abbrev  0x000000000000080c      0x270 src/mqtt_client.o
 .debug_abbrev  0x0000000000000a7c      0x26b src/mqtt_packet.o
 .debug_abbrev  0x0000000000000ce7      0x242 src/mqtt_socket.o
 .debug_abbrev  0x0000000000000f29      0x2ec src/nrf24.o
 .debug_abbrev  0x0000000000001215      0x136 src/nrf24_hal.o
 .debug_abbrev  0x000000000000134b       0xd7 src/radioPinFunctions.o
 .debug_abbrev  0x0000000000001422       0x12 src/startup_stm32f10x_md.o
 .debug_abbrev  0x0000000000001434       0x78 src/stm32f1xx_it.o
 .debug_abbrev  0x00000000000014ac      0x16e src/system_stm32f10x.o
 .debug_abbrev  0x000000000000161a      0x28e src/tiny_broker.o

.debug_aranges  0x0000000000000000      0x708
 .debug_aranges
                0x0000000000000000       0xa8 Libraries/STM32F10x_StdPeriph_Driver/src/stm32f10x_gpio.o
 .debug_aranges
                0x00000000000000a8      0x118 Libraries/STM32F10x_StdPeriph_Driver/src/stm32f10x_rcc.o
 .debug_aranges
                0x00000000000001c0       0xd0 Libraries/STM32F10x_StdPeriph_Driver/src/stm32f10x_spi.o
 .debug_aranges
                0x0000000000000290       0x50 src/main.o
 .debug_aranges
                0x00000000000002e0       0x80 src/mqtt_client.o
 .debug_aranges
                0x0000000000000360       0xd8 src/mqtt_packet.o
 .debug_aranges
                0x0000000000000438       0x50 src/mqtt_socket.o
 .debug_aranges
                0x0000000000000488       0xf0 src/nrf24.o
 .debug_aranges
                0x0000000000000578       0x28 src/nrf24_hal.o
 .debug_aranges
                0x00000000000005a0       0x30 src/radioPinFunctions.o
 .debug_aranges
                0x00000000000005d0       0x28 src/startup_stm32f10x_md.o
 .debug_aranges
                0x00000000000005f8       0x60 src/stm32f1xx_it.o
 .debug_aranges
                0x0000000000000658       0x38 src/system_stm32f10x.o
 .debug_aranges
                0x0000000000000690       0x78 src/tiny_broker.o

.debug_ranges   0x0000000000000000      0x660
 .debug_ranges  0x0000000000000000       0x98 Libraries/STM32F10x_StdPeriph_Driver/src/stm32f10x_gpio.o
 .debug_ranges  0x0000000000000098      0x108 Libraries/STM32F10x_StdPeriph_Driver/src/stm32f10x_rcc.o
 .debug_ranges  0x00000000000001a0       0xc0 Libraries/STM32F10x_StdPeriph_Driver/src/stm32f10x_spi.o
 .debug_ranges  0x0000000000000260       0x40 src/main.o
 .debug_ranges  0x00000000000002a0       0xa0 src/mqtt_client.o
 .debug_ranges  0x0000000000000340       0xc8 src/mqtt_packet.o
 .debug_ranges  0x0000000000000408       0x40 src/mqtt_socket.o
 .debug_ranges  0x0000000000000448       0xe0 src/nrf24.o
 .debug_ranges  0x0000000000000528       0x18 src/nrf24_hal.o
 .debug_ranges  0x0000000000000540       0x20 src/radioPinFunctions.o
 .debug_ranges  0x0000000000000560       0x20 src/startup_stm32f10x_md.o
 .debug_ranges  0x0000000000000580       0x50 src/stm32f1xx_it.o
 .debug_ranges  0x00000000000005d0       0x28 src/system_stm32f10x.o
 .debug_ranges  0x00000000000005f8       0x68 src/tiny_broker.o

.debug_line     0x0000000000000000     0x2ebc
 .debug_line    0x0000000000000000      0x3d3 Libraries/STM32F10x_StdPeriph_Driver/src/stm32f10x_gpio.o
 .debug_line    0x00000000000003d3      0x4ce Libraries/STM32F10x_StdPeriph_Driver/src/stm32f10x_rcc.o
 .debug_line    0x00000000000008a1      0x430 Libraries/STM32F10x_StdPeriph_Driver/src/stm32f10x_spi.o
 .debug_line    0x0000000000000cd1      0x3de src/main.o
 .debug_line    0x00000000000010af      0x494 src/mqtt_client.o
 .debug_line    0x0000000000001543      0x5c5 src/mqtt_packet.o
 .debug_line    0x0000000000001b08      0x323 src/mqtt_socket.o
 .debug_line    0x0000000000001e2b      0x415 src/nrf24.o
 .debug_line    0x0000000000002240      0x223 src/nrf24_hal.o
 .debug_line    0x0000000000002463      0x1c0 src/radioPinFunctions.o
 .debug_line    0x0000000000002623       0x7c src/startup_stm32f10x_md.o
 .debug_line    0x000000000000269f      0x21a src/stm32f1xx_it.o
 .debug_line    0x00000000000028b9      0x234 src/system_stm32f10x.o
 .debug_line    0x0000000000002aed      0x3cf src/tiny_broker.o

.debug_str      0x0000000000000000     0x262c
 .debug_str     0x0000000000000000      0x537 Libraries/STM32F10x_StdPeriph_Driver/src/stm32f10x_gpio.o
                                        0x597 (size before relaxing)
 .debug_str     0x0000000000000537      0x440 Libraries/STM32F10x_StdPeriph_Driver/src/stm32f10x_rcc.o
                                        0x698 (size before relaxing)
 .debug_str     0x0000000000000977      0x3ce Libraries/STM32F10x_StdPeriph_Driver/src/stm32f10x_spi.o
                                        0x67b (size before relaxing)
 .debug_str     0x0000000000000d45      0x80f src/main.o
                                        0xc57 (size before relaxing)
 .debug_str     0x0000000000001554      0x619 src/mqtt_client.o
                                        0xfd2 (size before relaxing)
 .debug_str     0x0000000000001b6d      0x3d0 src/mqtt_packet.o
                                       0x11eb (size before relaxing)
 .debug_str     0x0000000000001f3d       0xda src/mqtt_socket.o
                                        0xab4 (size before relaxing)
 .debug_str     0x0000000000002017      0x25d src/nrf24.o
                                        0x839 (size before relaxing)
 .debug_str     0x0000000000002274       0x48 src/nrf24_hal.o
                                        0x4b7 (size before relaxing)
 .debug_str     0x00000000000022bc       0x58 src/radioPinFunctions.o
                                        0x252 (size before relaxing)
 .debug_str     0x0000000000002314       0xa6 src/stm32f1xx_it.o
                                        0x25d (size before relaxing)
 .debug_str     0x00000000000023ba       0xc6 src/system_stm32f10x.o
                                        0x339 (size before relaxing)
 .debug_str     0x0000000000002480      0x1ac src/tiny_broker.o
                                        0x8f0 (size before relaxing)

.comment        0x0000000000000000       0x7c
 .comment       0x0000000000000000       0x7c Libraries/STM32F10x_StdPeriph_Driver/src/stm32f10x_gpio.o
                                         0x7d (size before relaxing)
 .comment       0x000000000000007c       0x7d Libraries/STM32F10x_StdPeriph_Driver/src/stm32f10x_rcc.o
 .comment       0x000000000000007c       0x7d Libraries/STM32F10x_StdPeriph_Driver/src/stm32f10x_spi.o
 .comment       0x000000000000007c       0x7d src/main.o
 .comment       0x000000000000007c       0x7d src/mqtt_client.o
 .comment       0x000000000000007c       0x7d src/mqtt_packet.o
 .comment       0x000000000000007c       0x7d src/mqtt_socket.o
 .comment       0x000000000000007c       0x7d src/nrf24.o
 .comment       0x000000000000007c       0x7d src/nrf24_hal.o
 .comment       0x000000000000007c       0x7d src/radioPinFunctions.o
 .comment       0x000000000000007c       0x7d src/stm32f1xx_it.o
 .comment       0x000000000000007c       0x7d src/system_stm32f10x.o
 .comment       0x000000000000007c       0x7d src/tiny_broker.o

.debug_frame    0x0000000000000000     0x1c04
 .debug_frame   0x0000000000000000      0x2d0 Libraries/STM32F10x_StdPeriph_Driver/src/stm32f10x_gpio.o
 .debug_frame   0x00000000000002d0      0x4f4 Libraries/STM32F10x_StdPeriph_Driver/src/stm32f10x_rcc.o
 .debug_frame   0x00000000000007c4      0x3a0 Libraries/STM32F10x_StdPeriph_Driver/src/stm32f10x_spi.o
 .debug_frame   0x0000000000000b64      0x118 src/main.o
 .debug_frame   0x0000000000000c7c      0x200 src/mqtt_client.o
 .debug_frame   0x0000000000000e7c      0x398 src/mqtt_packet.o
 .debug_frame   0x0000000000001214      0x11c src/mqtt_socket.o
 .debug_frame   0x0000000000001330      0x3c0 src/nrf24.o
 .debug_frame   0x00000000000016f0       0x58 src/nrf24_hal.o
 .debug_frame   0x0000000000001748       0x74 src/radioPinFunctions.o
 .debug_frame   0x00000000000017bc      0x110 src/stm32f1xx_it.o
 .debug_frame   0x00000000000018cc       0x98 src/system_stm32f10x.o
 .debug_frame   0x0000000000001964      0x1dc src/tiny_broker.o
 .debug_frame   0x0000000000001b40       0x2c /opt/Atollic_TrueSTUDIO_for_STM32_x86_64_9.0.0/ARMTools/bin/../lib/gcc/arm-atollic-eabi/6.3.1/../../../../arm-atollic-eabi/lib/armv7-m/libc_nano.a(lib_a-init.o)
 .debug_frame   0x0000000000001b6c       0x28 /opt/Atollic_TrueSTUDIO_for_STM32_x86_64_9.0.0/ARMTools/bin/../lib/gcc/arm-atollic-eabi/6.3.1/../../../../arm-atollic-eabi/lib/armv7-m/libc_nano.a(lib_a-memcpy-stub.o)
 .debug_frame   0x0000000000001b94       0x20 /opt/Atollic_TrueSTUDIO_for_STM32_x86_64_9.0.0/ARMTools/bin/../lib/gcc/arm-atollic-eabi/6.3.1/../../../../arm-atollic-eabi/lib/armv7-m/libc_nano.a(lib_a-memset.o)
 .debug_frame   0x0000000000001bb4       0x20 /opt/Atollic_TrueSTUDIO_for_STM32_x86_64_9.0.0/ARMTools/bin/../lib/gcc/arm-atollic-eabi/6.3.1/../../../../arm-atollic-eabi/lib/armv7-m/libc_nano.a(lib_a-strcmp.o)
 .debug_frame   0x0000000000001bd4       0x30 /opt/Atollic_TrueSTUDIO_for_STM32_x86_64_9.0.0/ARMTools/bin/../lib/gcc/arm-atollic-eabi/6.3.1/../../../../arm-atollic-eabi/lib/armv7-m/libc_nano.a(lib_a-strstr.o)

.stabstr        0x0000000000000000       0x3f
 .stabstr       0x0000000000000000       0x3f /opt/Atollic_TrueSTUDIO_for_STM32_x86_64_9.0.0/ARMTools/bin/../lib/gcc/arm-atollic-eabi/6.3.1/../../../../arm-atollic-eabi/lib/armv7-m/libnosys.a(write.o)

Cross Reference Table

Symbol                                            File
ADC1_2_IRQHandler                                 src/startup_stm32f10x_md.o
ADC_AnalogWatchdogCmd                             Libraries/STM32F10x_StdPeriph_Driver/src/stm32f10x_adc.o
ADC_AnalogWatchdogSingleChannelConfig             Libraries/STM32F10x_StdPeriph_Driver/src/stm32f10x_adc.o
ADC_AnalogWatchdogThresholdsConfig                Libraries/STM32F10x_StdPeriph_Driver/src/stm32f10x_adc.o
ADC_AutoInjectedConvCmd                           Libraries/STM32F10x_StdPeriph_Driver/src/stm32f10x_adc.o
ADC_ClearFlag                                     Libraries/STM32F10x_StdPeriph_Driver/src/stm32f10x_adc.o
ADC_ClearITPendingBit                             Libraries/STM32F10x_StdPeriph_Driver/src/stm32f10x_adc.o
ADC_Cmd                                           Libraries/STM32F10x_StdPeriph_Driver/src/stm32f10x_adc.o
ADC_DMACmd                                        Libraries/STM32F10x_StdPeriph_Driver/src/stm32f10x_adc.o
ADC_DeInit                                        Libraries/STM32F10x_StdPeriph_Driver/src/stm32f10x_adc.o
ADC_DiscModeChannelCountConfig                    Libraries/STM32F10x_StdPeriph_Driver/src/stm32f10x_adc.o
ADC_DiscModeCmd                                   Libraries/STM32F10x_StdPeriph_Driver/src/stm32f10x_adc.o
ADC_ExternalTrigConvCmd                           Libraries/STM32F10x_StdPeriph_Driver/src/stm32f10x_adc.o
ADC_ExternalTrigInjectedConvCmd                   Libraries/STM32F10x_StdPeriph_Driver/src/stm32f10x_adc.o
ADC_ExternalTrigInjectedConvConfig                Libraries/STM32F10x_StdPeriph_Driver/src/stm32f10x_adc.o
ADC_GetCalibrationStatus                          Libraries/STM32F10x_StdPeriph_Driver/src/stm32f10x_adc.o
ADC_GetConversionValue                            Libraries/STM32F10x_StdPeriph_Driver/src/stm32f10x_adc.o
ADC_GetDualModeConversionValue                    Libraries/STM32F10x_StdPeriph_Driver/src/stm32f10x_adc.o
ADC_GetFlagStatus                                 Libraries/STM32F10x_StdPeriph_Driver/src/stm32f10x_adc.o
ADC_GetITStatus                                   Libraries/STM32F10x_StdPeriph_Driver/src/stm32f10x_adc.o
ADC_GetInjectedConversionValue                    Libraries/STM32F10x_StdPeriph_Driver/src/stm32f10x_adc.o
ADC_GetResetCalibrationStatus                     Libraries/STM32F10x_StdPeriph_Driver/src/stm32f10x_adc.o
ADC_GetSoftwareStartConvStatus                    Libraries/STM32F10x_StdPeriph_Driver/src/stm32f10x_adc.o
ADC_GetSoftwareStartInjectedConvCmdStatus         Libraries/STM32F10x_StdPeriph_Driver/src/stm32f10x_adc.o
ADC_ITConfig                                      Libraries/STM32F10x_StdPeriph_Driver/src/stm32f10x_adc.o
ADC_Init                                          Libraries/STM32F10x_StdPeriph_Driver/src/stm32f10x_adc.o
ADC_InjectedChannelConfig                         Libraries/STM32F10x_StdPeriph_Driver/src/stm32f10x_adc.o
ADC_InjectedDiscModeCmd                           Libraries/STM32F10x_StdPeriph_Driver/src/stm32f10x_adc.o
ADC_InjectedSequencerLengthConfig                 Libraries/STM32F10x_StdPeriph_Driver/src/stm32f10x_adc.o
ADC_RegularChannelConfig                          Libraries/STM32F10x_StdPeriph_Driver/src/stm32f10x_adc.o
ADC_ResetCalibration                              Libraries/STM32F10x_StdPeriph_Driver/src/stm32f10x_adc.o
ADC_SetInjectedOffset                             Libraries/STM32F10x_StdPeriph_Driver/src/stm32f10x_adc.o
ADC_SoftwareStartConvCmd                          Libraries/STM32F10x_StdPeriph_Driver/src/stm32f10x_adc.o
ADC_SoftwareStartInjectedConvCmd                  Libraries/STM32F10x_StdPeriph_Driver/src/stm32f10x_adc.o
ADC_StartCalibration                              Libraries/STM32F10x_StdPeriph_Driver/src/stm32f10x_adc.o
ADC_StructInit                                    Libraries/STM32F10x_StdPeriph_Driver/src/stm32f10x_adc.o
ADC_TempSensorVrefintCmd                          Libraries/STM32F10x_StdPeriph_Driver/src/stm32f10x_adc.o
AHBPrescTable                                     src/system_stm32f10x.o
BKP_ClearFlag                                     Libraries/STM32F10x_StdPeriph_Driver/src/stm32f10x_bkp.o
BKP_ClearITPendingBit                             Libraries/STM32F10x_StdPeriph_Driver/src/stm32f10x_bkp.o
BKP_DeInit                                        Libraries/STM32F10x_StdPeriph_Driver/src/stm32f10x_bkp.o
BKP_GetFlagStatus                                 Libraries/STM32F10x_StdPeriph_Driver/src/stm32f10x_bkp.o
BKP_GetITStatus                                   Libraries/STM32F10x_StdPeriph_Driver/src/stm32f10x_bkp.o
BKP_ITConfig                                      Libraries/STM32F10x_StdPeriph_Driver/src/stm32f10x_bkp.o
BKP_RTCOutputConfig                               Libraries/STM32F10x_StdPeriph_Driver/src/stm32f10x_bkp.o
BKP_ReadBackupRegister                            Libraries/STM32F10x_StdPeriph_Driver/src/stm32f10x_bkp.o
BKP_SetRTCCalibrationValue                        Libraries/STM32F10x_StdPeriph_Driver/src/stm32f10x_bkp.o
BKP_TamperPinCmd                                  Libraries/STM32F10x_StdPeriph_Driver/src/stm32f10x_bkp.o
BKP_TamperPinLevelConfig                          Libraries/STM32F10x_StdPeriph_Driver/src/stm32f10x_bkp.o
BKP_WriteBackupRegister                           Libraries/STM32F10x_StdPeriph_Driver/src/stm32f10x_bkp.o
BusFault_Handler                                  src/stm32f1xx_it.o
                                                  src/startup_stm32f10x_md.o
CAN1_RX1_IRQHandler                               src/startup_stm32f10x_md.o
CAN1_SCE_IRQHandler                               src/startup_stm32f10x_md.o
CAN_CancelTransmit                                Libraries/STM32F10x_StdPeriph_Driver/src/stm32f10x_can.o
CAN_ClearFlag                                     Libraries/STM32F10x_StdPeriph_Driver/src/stm32f10x_can.o
CAN_ClearITPendingBit                             Libraries/STM32F10x_StdPeriph_Driver/src/stm32f10x_can.o
CAN_DBGFreeze                                     Libraries/STM32F10x_StdPeriph_Driver/src/stm32f10x_can.o
CAN_DeInit                                        Libraries/STM32F10x_StdPeriph_Driver/src/stm32f10x_can.o
CAN_FIFORelease                                   Libraries/STM32F10x_StdPeriph_Driver/src/stm32f10x_can.o
CAN_FilterInit                                    Libraries/STM32F10x_StdPeriph_Driver/src/stm32f10x_can.o
CAN_GetFlagStatus                                 Libraries/STM32F10x_StdPeriph_Driver/src/stm32f10x_can.o
CAN_GetITStatus                                   Libraries/STM32F10x_StdPeriph_Driver/src/stm32f10x_can.o
CAN_GetLSBTransmitErrorCounter                    Libraries/STM32F10x_StdPeriph_Driver/src/stm32f10x_can.o
CAN_GetLastErrorCode                              Libraries/STM32F10x_StdPeriph_Driver/src/stm32f10x_can.o
CAN_GetReceiveErrorCounter                        Libraries/STM32F10x_StdPeriph_Driver/src/stm32f10x_can.o
CAN_ITConfig                                      Libraries/STM32F10x_StdPeriph_Driver/src/stm32f10x_can.o
CAN_Init                                          Libraries/STM32F10x_StdPeriph_Driver/src/stm32f10x_can.o
CAN_MessagePending                                Libraries/STM32F10x_StdPeriph_Driver/src/stm32f10x_can.o
CAN_OperatingModeRequest                          Libraries/STM32F10x_StdPeriph_Driver/src/stm32f10x_can.o
CAN_Receive                                       Libraries/STM32F10x_StdPeriph_Driver/src/stm32f10x_can.o
CAN_SlaveStartBank                                Libraries/STM32F10x_StdPeriph_Driver/src/stm32f10x_can.o
CAN_Sleep                                         Libraries/STM32F10x_StdPeriph_Driver/src/stm32f10x_can.o
CAN_StructInit                                    Libraries/STM32F10x_StdPeriph_Driver/src/stm32f10x_can.o
CAN_TTComModeCmd                                  Libraries/STM32F10x_StdPeriph_Driver/src/stm32f10x_can.o
CAN_Transmit                                      Libraries/STM32F10x_StdPeriph_Driver/src/stm32f10x_can.o
CAN_TransmitStatus                                Libraries/STM32F10x_StdPeriph_Driver/src/stm32f10x_can.o
CAN_WakeUp                                        Libraries/STM32F10x_StdPeriph_Driver/src/stm32f10x_can.o
CEC_ClearFlag                                     Libraries/STM32F10x_StdPeriph_Driver/src/stm32f10x_cec.o
CEC_ClearITPendingBit                             Libraries/STM32F10x_StdPeriph_Driver/src/stm32f10x_cec.o
CEC_Cmd                                           Libraries/STM32F10x_StdPeriph_Driver/src/stm32f10x_cec.o
CEC_DeInit                                        Libraries/STM32F10x_StdPeriph_Driver/src/stm32f10x_cec.o
CEC_EndOfMessageCmd                               Libraries/STM32F10x_StdPeriph_Driver/src/stm32f10x_cec.o
CEC_GetFlagStatus                                 Libraries/STM32F10x_StdPeriph_Driver/src/stm32f10x_cec.o
CEC_GetITStatus                                   Libraries/STM32F10x_StdPeriph_Driver/src/stm32f10x_cec.o
CEC_ITConfig                                      Libraries/STM32F10x_StdPeriph_Driver/src/stm32f10x_cec.o
CEC_Init                                          Libraries/STM32F10x_StdPeriph_Driver/src/stm32f10x_cec.o
CEC_OwnAddressConfig                              Libraries/STM32F10x_StdPeriph_Driver/src/stm32f10x_cec.o
CEC_ReceiveDataByte                               Libraries/STM32F10x_StdPeriph_Driver/src/stm32f10x_cec.o
CEC_SendDataByte                                  Libraries/STM32F10x_StdPeriph_Driver/src/stm32f10x_cec.o
CEC_SetPrescaler                                  Libraries/STM32F10x_StdPeriph_Driver/src/stm32f10x_cec.o
CEC_StartOfMessage                                Libraries/STM32F10x_StdPeriph_Driver/src/stm32f10x_cec.o
CRC_CalcBlockCRC                                  Libraries/STM32F10x_StdPeriph_Driver/src/stm32f10x_crc.o
CRC_CalcCRC                                       Libraries/STM32F10x_StdPeriph_Driver/src/stm32f10x_crc.o
CRC_GetCRC                                        Libraries/STM32F10x_StdPeriph_Driver/src/stm32f10x_crc.o
CRC_GetIDRegister                                 Libraries/STM32F10x_StdPeriph_Driver/src/stm32f10x_crc.o
CRC_ResetDR                                       Libraries/STM32F10x_StdPeriph_Driver/src/stm32f10x_crc.o
CRC_SetIDRegister                                 Libraries/STM32F10x_StdPeriph_Driver/src/stm32f10x_crc.o
DAC_Cmd                                           Libraries/STM32F10x_StdPeriph_Driver/src/stm32f10x_dac.o
DAC_DMACmd                                        Libraries/STM32F10x_StdPeriph_Driver/src/stm32f10x_dac.o
DAC_DeInit                                        Libraries/STM32F10x_StdPeriph_Driver/src/stm32f10x_dac.o
DAC_DualSoftwareTriggerCmd                        Libraries/STM32F10x_StdPeriph_Driver/src/stm32f10x_dac.o
DAC_GetDataOutputValue                            Libraries/STM32F10x_StdPeriph_Driver/src/stm32f10x_dac.o
DAC_Init                                          Libraries/STM32F10x_StdPeriph_Driver/src/stm32f10x_dac.o
DAC_SetChannel1Data                               Libraries/STM32F10x_StdPeriph_Driver/src/stm32f10x_dac.o
DAC_SetChannel2Data                               Libraries/STM32F10x_StdPeriph_Driver/src/stm32f10x_dac.o
DAC_SetDualChannelData                            Libraries/STM32F10x_StdPeriph_Driver/src/stm32f10x_dac.o
DAC_SoftwareTriggerCmd                            Libraries/STM32F10x_StdPeriph_Driver/src/stm32f10x_dac.o
DAC_StructInit                                    Libraries/STM32F10x_StdPeriph_Driver/src/stm32f10x_dac.o
DAC_WaveGenerationCmd                             Libraries/STM32F10x_StdPeriph_Driver/src/stm32f10x_dac.o
DBGMCU_Config                                     Libraries/STM32F10x_StdPeriph_Driver/src/stm32f10x_dbgmcu.o
DBGMCU_GetDEVID                                   Libraries/STM32F10x_StdPeriph_Driver/src/stm32f10x_dbgmcu.o
DBGMCU_GetREVID                                   Libraries/STM32F10x_StdPeriph_Driver/src/stm32f10x_dbgmcu.o
DMA1_Channel1_IRQHandler                          src/startup_stm32f10x_md.o
DMA1_Channel2_IRQHandler                          src/startup_stm32f10x_md.o
DMA1_Channel3_IRQHandler                          src/startup_stm32f10x_md.o
DMA1_Channel4_IRQHandler                          src/startup_stm32f10x_md.o
DMA1_Channel5_IRQHandler                          src/startup_stm32f10x_md.o
DMA1_Channel6_IRQHandler                          src/startup_stm32f10x_md.o
DMA1_Channel7_IRQHandler                          src/startup_stm32f10x_md.o
DMA_ClearFlag                                     Libraries/STM32F10x_StdPeriph_Driver/src/stm32f10x_dma.o
DMA_ClearITPendingBit                             Libraries/STM32F10x_StdPeriph_Driver/src/stm32f10x_dma.o
DMA_Cmd                                           Libraries/STM32F10x_StdPeriph_Driver/src/stm32f10x_dma.o
DMA_DeInit                                        Libraries/STM32F10x_StdPeriph_Driver/src/stm32f10x_dma.o
DMA_GetCurrDataCounter                            Libraries/STM32F10x_StdPeriph_Driver/src/stm32f10x_dma.o
DMA_GetFlagStatus                                 Libraries/STM32F10x_StdPeriph_Driver/src/stm32f10x_dma.o
DMA_GetITStatus                                   Libraries/STM32F10x_StdPeriph_Driver/src/stm32f10x_dma.o
DMA_ITConfig                                      Libraries/STM32F10x_StdPeriph_Driver/src/stm32f10x_dma.o
DMA_Init                                          Libraries/STM32F10x_StdPeriph_Driver/src/stm32f10x_dma.o
DMA_SetCurrDataCounter                            Libraries/STM32F10x_StdPeriph_Driver/src/stm32f10x_dma.o
DMA_StructInit                                    Libraries/STM32F10x_StdPeriph_Driver/src/stm32f10x_dma.o
DebugMon_Handler                                  src/stm32f1xx_it.o
                                                  src/startup_stm32f10x_md.o
Default_Handler                                   src/startup_stm32f10x_md.o
EXTI0_IRQHandler                                  src/startup_stm32f10x_md.o
EXTI15_10_IRQHandler                              src/startup_stm32f10x_md.o
EXTI1_IRQHandler                                  src/startup_stm32f10x_md.o
EXTI2_IRQHandler                                  src/startup_stm32f10x_md.o
EXTI3_IRQHandler                                  src/startup_stm32f10x_md.o
EXTI4_IRQHandler                                  src/startup_stm32f10x_md.o
EXTI9_5_IRQHandler                                src/startup_stm32f10x_md.o
EXTI_ClearFlag                                    Libraries/STM32F10x_StdPeriph_Driver/src/stm32f10x_exti.o
EXTI_ClearITPendingBit                            Libraries/STM32F10x_StdPeriph_Driver/src/stm32f10x_exti.o
EXTI_DeInit                                       Libraries/STM32F10x_StdPeriph_Driver/src/stm32f10x_exti.o
EXTI_GenerateSWInterrupt                          Libraries/STM32F10x_StdPeriph_Driver/src/stm32f10x_exti.o
EXTI_GetFlagStatus                                Libraries/STM32F10x_StdPeriph_Driver/src/stm32f10x_exti.o
EXTI_GetITStatus                                  Libraries/STM32F10x_StdPeriph_Driver/src/stm32f10x_exti.o
EXTI_Init                                         Libraries/STM32F10x_StdPeriph_Driver/src/stm32f10x_exti.o
EXTI_StructInit                                   Libraries/STM32F10x_StdPeriph_Driver/src/stm32f10x_exti.o
FLASH_ClearFlag                                   Libraries/STM32F10x_StdPeriph_Driver/src/stm32f10x_flash.o
FLASH_EnableWriteProtection                       Libraries/STM32F10x_StdPeriph_Driver/src/stm32f10x_flash.o
FLASH_EraseAllBank1Pages                          Libraries/STM32F10x_StdPeriph_Driver/src/stm32f10x_flash.o
FLASH_EraseAllPages                               Libraries/STM32F10x_StdPeriph_Driver/src/stm32f10x_flash.o
FLASH_EraseOptionBytes                            Libraries/STM32F10x_StdPeriph_Driver/src/stm32f10x_flash.o
FLASH_ErasePage                                   Libraries/STM32F10x_StdPeriph_Driver/src/stm32f10x_flash.o
FLASH_GetBank1Status                              Libraries/STM32F10x_StdPeriph_Driver/src/stm32f10x_flash.o
FLASH_GetFlagStatus                               Libraries/STM32F10x_StdPeriph_Driver/src/stm32f10x_flash.o
FLASH_GetPrefetchBufferStatus                     Libraries/STM32F10x_StdPeriph_Driver/src/stm32f10x_flash.o
FLASH_GetReadOutProtectionStatus                  Libraries/STM32F10x_StdPeriph_Driver/src/stm32f10x_flash.o
FLASH_GetStatus                                   Libraries/STM32F10x_StdPeriph_Driver/src/stm32f10x_flash.o
FLASH_GetUserOptionByte                           Libraries/STM32F10x_StdPeriph_Driver/src/stm32f10x_flash.o
FLASH_GetWriteProtectionOptionByte                Libraries/STM32F10x_StdPeriph_Driver/src/stm32f10x_flash.o
FLASH_HalfCycleAccessCmd                          Libraries/STM32F10x_StdPeriph_Driver/src/stm32f10x_flash.o
FLASH_IRQHandler                                  src/startup_stm32f10x_md.o
FLASH_ITConfig                                    Libraries/STM32F10x_StdPeriph_Driver/src/stm32f10x_flash.o
FLASH_Lock                                        Libraries/STM32F10x_StdPeriph_Driver/src/stm32f10x_flash.o
FLASH_LockBank1                                   Libraries/STM32F10x_StdPeriph_Driver/src/stm32f10x_flash.o
FLASH_PrefetchBufferCmd                           Libraries/STM32F10x_StdPeriph_Driver/src/stm32f10x_flash.o
FLASH_ProgramHalfWord                             Libraries/STM32F10x_StdPeriph_Driver/src/stm32f10x_flash.o
FLASH_ProgramOptionByteData                       Libraries/STM32F10x_StdPeriph_Driver/src/stm32f10x_flash.o
FLASH_ProgramWord                                 Libraries/STM32F10x_StdPeriph_Driver/src/stm32f10x_flash.o
FLASH_ReadOutProtection                           Libraries/STM32F10x_StdPeriph_Driver/src/stm32f10x_flash.o
FLASH_SetLatency                                  Libraries/STM32F10x_StdPeriph_Driver/src/stm32f10x_flash.o
FLASH_Unlock                                      Libraries/STM32F10x_StdPeriph_Driver/src/stm32f10x_flash.o
FLASH_UnlockBank1                                 Libraries/STM32F10x_StdPeriph_Driver/src/stm32f10x_flash.o
FLASH_UserOptionByteConfig                        Libraries/STM32F10x_StdPeriph_Driver/src/stm32f10x_flash.o
FLASH_WaitForLastBank1Operation                   Libraries/STM32F10x_StdPeriph_Driver/src/stm32f10x_flash.o
FLASH_WaitForLastOperation                        Libraries/STM32F10x_StdPeriph_Driver/src/stm32f10x_flash.o
FSMC_ClearFlag                                    Libraries/STM32F10x_StdPeriph_Driver/src/stm32f10x_fsmc.o
FSMC_ClearITPendingBit                            Libraries/STM32F10x_StdPeriph_Driver/src/stm32f10x_fsmc.o
FSMC_GetECC                                       Libraries/STM32F10x_StdPeriph_Driver/src/stm32f10x_fsmc.o
FSMC_GetFlagStatus                                Libraries/STM32F10x_StdPeriph_Driver/src/stm32f10x_fsmc.o
FSMC_GetITStatus                                  Libraries/STM32F10x_StdPeriph_Driver/src/stm32f10x_fsmc.o
FSMC_ITConfig                                     Libraries/STM32F10x_StdPeriph_Driver/src/stm32f10x_fsmc.o
FSMC_NANDCmd                                      Libraries/STM32F10x_StdPeriph_Driver/src/stm32f10x_fsmc.o
FSMC_NANDDeInit                                   Libraries/STM32F10x_StdPeriph_Driver/src/stm32f10x_fsmc.o
FSMC_NANDECCCmd                                   Libraries/STM32F10x_StdPeriph_Driver/src/stm32f10x_fsmc.o
FSMC_NANDInit                                     Libraries/STM32F10x_StdPeriph_Driver/src/stm32f10x_fsmc.o
FSMC_NANDStructInit                               Libraries/STM32F10x_StdPeriph_Driver/src/stm32f10x_fsmc.o
FSMC_NORSRAMCmd                                   Libraries/STM32F10x_StdPeriph_Driver/src/stm32f10x_fsmc.o
FSMC_NORSRAMDeInit                                Libraries/STM32F10x_StdPeriph_Driver/src/stm32f10x_fsmc.o
FSMC_NORSRAMInit                                  Libraries/STM32F10x_StdPeriph_Driver/src/stm32f10x_fsmc.o
FSMC_NORSRAMStructInit                            Libraries/STM32F10x_StdPeriph_Driver/src/stm32f10x_fsmc.o
FSMC_PCCARDCmd                                    Libraries/STM32F10x_StdPeriph_Driver/src/stm32f10x_fsmc.o
FSMC_PCCARDDeInit                                 Libraries/STM32F10x_StdPeriph_Driver/src/stm32f10x_fsmc.o
FSMC_PCCARDInit                                   Libraries/STM32F10x_StdPeriph_Driver/src/stm32f10x_fsmc.o
FSMC_PCCARDStructInit                             Libraries/STM32F10x_StdPeriph_Driver/src/stm32f10x_fsmc.o
GPIO_AFIODeInit                                   Libraries/STM32F10x_StdPeriph_Driver/src/stm32f10x_gpio.o
GPIO_DeInit                                       Libraries/STM32F10x_StdPeriph_Driver/src/stm32f10x_gpio.o
GPIO_ETH_MediaInterfaceConfig                     Libraries/STM32F10x_StdPeriph_Driver/src/stm32f10x_gpio.o
GPIO_EXTILineConfig                               Libraries/STM32F10x_StdPeriph_Driver/src/stm32f10x_gpio.o
GPIO_EventOutputCmd                               Libraries/STM32F10x_StdPeriph_Driver/src/stm32f10x_gpio.o
GPIO_EventOutputConfig                            Libraries/STM32F10x_StdPeriph_Driver/src/stm32f10x_gpio.o
GPIO_Init                                         Libraries/STM32F10x_StdPeriph_Driver/src/stm32f10x_gpio.o
                                                  src/tm_stm32_ili9341.o
                                                  src/nrf24_hal.o
                                                  src/main.o
                                                  src/bmp280_hal.o
GPIO_PinLockConfig                                Libraries/STM32F10x_StdPeriph_Driver/src/stm32f10x_gpio.o
GPIO_PinRemapConfig                               Libraries/STM32F10x_StdPeriph_Driver/src/stm32f10x_gpio.o
GPIO_ReadInputData                                Libraries/STM32F10x_StdPeriph_Driver/src/stm32f10x_gpio.o
GPIO_ReadInputDataBit                             Libraries/STM32F10x_StdPeriph_Driver/src/stm32f10x_gpio.o
GPIO_ReadOutputData                               Libraries/STM32F10x_StdPeriph_Driver/src/stm32f10x_gpio.o
GPIO_ReadOutputDataBit                            Libraries/STM32F10x_StdPeriph_Driver/src/stm32f10x_gpio.o
GPIO_ResetBits                                    Libraries/STM32F10x_StdPeriph_Driver/src/stm32f10x_gpio.o
                                                  src/tm_stm32_ili9341.o
                                                  src/radioPinFunctions.o
                                                  src/nrf24_hal.o
                                                  src/bmp280_hal.o
GPIO_SetBits                                      Libraries/STM32F10x_StdPeriph_Driver/src/stm32f10x_gpio.o
                                                  src/tm_stm32_ili9341.o
                                                  src/radioPinFunctions.o
                                                  src/nrf24_hal.o
                                                  src/bmp280_hal.o
GPIO_StructInit                                   Libraries/STM32F10x_StdPeriph_Driver/src/stm32f10x_gpio.o
GPIO_Write                                        Libraries/STM32F10x_StdPeriph_Driver/src/stm32f10x_gpio.o
GPIO_WriteBit                                     Libraries/STM32F10x_StdPeriph_Driver/src/stm32f10x_gpio.o
HardFault_Handler                                 src/stm32f1xx_it.o
                                                  src/startup_stm32f10x_md.o
I2C1_ER_IRQHandler                                src/startup_stm32f10x_md.o
I2C1_EV_IRQHandler                                src/startup_stm32f10x_md.o
I2C2_ER_IRQHandler                                src/startup_stm32f10x_md.o
I2C2_EV_IRQHandler                                src/startup_stm32f10x_md.o
I2C_ARPCmd                                        Libraries/STM32F10x_StdPeriph_Driver/src/stm32f10x_i2c.o
I2C_AcknowledgeConfig                             Libraries/STM32F10x_StdPeriph_Driver/src/stm32f10x_i2c.o
I2C_CalculatePEC                                  Libraries/STM32F10x_StdPeriph_Driver/src/stm32f10x_i2c.o
I2C_CheckEvent                                    Libraries/STM32F10x_StdPeriph_Driver/src/stm32f10x_i2c.o
I2C_ClearFlag                                     Libraries/STM32F10x_StdPeriph_Driver/src/stm32f10x_i2c.o
I2C_ClearITPendingBit                             Libraries/STM32F10x_StdPeriph_Driver/src/stm32f10x_i2c.o
I2C_Cmd                                           Libraries/STM32F10x_StdPeriph_Driver/src/stm32f10x_i2c.o
I2C_DMACmd                                        Libraries/STM32F10x_StdPeriph_Driver/src/stm32f10x_i2c.o
I2C_DMALastTransferCmd                            Libraries/STM32F10x_StdPeriph_Driver/src/stm32f10x_i2c.o
I2C_DeInit                                        Libraries/STM32F10x_StdPeriph_Driver/src/stm32f10x_i2c.o
I2C_DualAddressCmd                                Libraries/STM32F10x_StdPeriph_Driver/src/stm32f10x_i2c.o
I2C_FastModeDutyCycleConfig                       Libraries/STM32F10x_StdPeriph_Driver/src/stm32f10x_i2c.o
I2C_GeneralCallCmd                                Libraries/STM32F10x_StdPeriph_Driver/src/stm32f10x_i2c.o
I2C_GenerateSTART                                 Libraries/STM32F10x_StdPeriph_Driver/src/stm32f10x_i2c.o
I2C_GenerateSTOP                                  Libraries/STM32F10x_StdPeriph_Driver/src/stm32f10x_i2c.o
I2C_GetFlagStatus                                 Libraries/STM32F10x_StdPeriph_Driver/src/stm32f10x_i2c.o
I2C_GetITStatus                                   Libraries/STM32F10x_StdPeriph_Driver/src/stm32f10x_i2c.o
I2C_GetLastEvent                                  Libraries/STM32F10x_StdPeriph_Driver/src/stm32f10x_i2c.o
I2C_GetPEC                                        Libraries/STM32F10x_StdPeriph_Driver/src/stm32f10x_i2c.o
I2C_ITConfig                                      Libraries/STM32F10x_StdPeriph_Driver/src/stm32f10x_i2c.o
I2C_Init                                          Libraries/STM32F10x_StdPeriph_Driver/src/stm32f10x_i2c.o
I2C_NACKPositionConfig                            Libraries/STM32F10x_StdPeriph_Driver/src/stm32f10x_i2c.o
I2C_OwnAddress2Config                             Libraries/STM32F10x_StdPeriph_Driver/src/stm32f10x_i2c.o
I2C_PECPositionConfig                             Libraries/STM32F10x_StdPeriph_Driver/src/stm32f10x_i2c.o
I2C_ReadRegister                                  Libraries/STM32F10x_StdPeriph_Driver/src/stm32f10x_i2c.o
I2C_ReceiveData                                   Libraries/STM32F10x_StdPeriph_Driver/src/stm32f10x_i2c.o
I2C_SMBusAlertConfig                              Libraries/STM32F10x_StdPeriph_Driver/src/stm32f10x_i2c.o
I2C_Send7bitAddress                               Libraries/STM32F10x_StdPeriph_Driver/src/stm32f10x_i2c.o
I2C_SendData                                      Libraries/STM32F10x_StdPeriph_Driver/src/stm32f10x_i2c.o
I2C_SoftwareResetCmd                              Libraries/STM32F10x_StdPeriph_Driver/src/stm32f10x_i2c.o
I2C_StretchClockCmd                               Libraries/STM32F10x_StdPeriph_Driver/src/stm32f10x_i2c.o
I2C_StructInit                                    Libraries/STM32F10x_StdPeriph_Driver/src/stm32f10x_i2c.o
I2C_TransmitPEC                                   Libraries/STM32F10x_StdPeriph_Driver/src/stm32f10x_i2c.o
I2S_Cmd                                           Libraries/STM32F10x_StdPeriph_Driver/src/stm32f10x_spi.o
I2S_Init                                          Libraries/STM32F10x_StdPeriph_Driver/src/stm32f10x_spi.o
I2S_StructInit                                    Libraries/STM32F10x_StdPeriph_Driver/src/stm32f10x_spi.o
ILI9341_INT_CalledFromPuts                        src/tm_stm32_ili9341.o
ILI9341_Opts                                      src/tm_stm32_ili9341.o
ILI9341_x                                         src/tm_stm32_ili9341.o
ILI9341_y                                         src/tm_stm32_ili9341.o
IWDG_Enable                                       Libraries/STM32F10x_StdPeriph_Driver/src/stm32f10x_iwdg.o
IWDG_GetFlagStatus                                Libraries/STM32F10x_StdPeriph_Driver/src/stm32f10x_iwdg.o
IWDG_ReloadCounter                                Libraries/STM32F10x_StdPeriph_Driver/src/stm32f10x_iwdg.o
IWDG_SetPrescaler                                 Libraries/STM32F10x_StdPeriph_Driver/src/stm32f10x_iwdg.o
IWDG_SetReload                                    Libraries/STM32F10x_StdPeriph_Driver/src/stm32f10x_iwdg.o
IWDG_WriteAccessCmd                               Libraries/STM32F10x_StdPeriph_Driver/src/stm32f10x_iwdg.o
MemManage_Handler                                 src/stm32f1xx_it.o
                                                  src/startup_stm32f10x_md.o
MqttClient_Connect                                src/mqtt_client.o
                                                  src/main.o
MqttClient_Disconnect                             src/mqtt_client.o
MqttClient_Init                                   src/mqtt_client.o
                                                  src/main.o
MqttClient_NetConnect                             src/mqtt_client.o
MqttClient_NetDisconnect                          src/mqtt_client.o
MqttClient_Ping                                   src/mqtt_client.o
MqttClient_Publish                                src/mqtt_client.o
MqttClient_ReturnCodeToString                     src/mqtt_client.o
MqttClient_Subscribe                              src/mqtt_client.o
MqttClient_Unsubscribe                            src/mqtt_client.o
MqttClient_WaitMessage                            src/mqtt_client.o
MqttDecode_ConnectAck                             src/mqtt_packet.o
                                                  src/mqtt_client.o
MqttDecode_Num                                    src/mqtt_packet.o
MqttDecode_Ping                                   src/mqtt_packet.o
                                                  src/mqtt_client.o
MqttDecode_Publish                                src/mqtt_packet.o
                                                  src/mqtt_client.o
MqttDecode_PublishResp                            src/mqtt_packet.o
                                                  src/mqtt_client.o
MqttDecode_RemainLen                              src/mqtt_packet.o
MqttDecode_String                                 src/mqtt_packet.o
MqttDecode_SubscribeAck                           src/mqtt_packet.o
                                                  src/mqtt_client.o
MqttDecode_UnsubscribeAck                         src/mqtt_packet.o
                                                  src/mqtt_client.o
MqttEncode_Connect                                src/mqtt_packet.o
                                                  src/mqtt_client.o
MqttEncode_Data                                   src/mqtt_packet.o
MqttEncode_Disconnect                             src/mqtt_packet.o
                                                  src/mqtt_client.o
MqttEncode_Num                                    src/mqtt_packet.o
MqttEncode_Ping                                   src/mqtt_packet.o
                                                  src/mqtt_client.o
MqttEncode_Publish                                src/mqtt_packet.o
                                                  src/mqtt_client.o
MqttEncode_PublishResp                            src/mqtt_packet.o
                                                  src/mqtt_client.o
MqttEncode_RemainLen                              src/mqtt_packet.o
MqttEncode_String                                 src/mqtt_packet.o
MqttEncode_Subscribe                              src/mqtt_packet.o
                                                  src/mqtt_client.o
MqttEncode_Unsubscribe                            src/mqtt_packet.o
                                                  src/mqtt_client.o
MqttPacket_Read                                   src/mqtt_packet.o
                                                  src/mqtt_client.o
MqttPacket_Write                                  src/mqtt_packet.o
                                                  src/mqtt_client.o
MqttSocket_Connect                                src/mqtt_socket.o
                                                  src/mqtt_client.o
MqttSocket_Disconnect                             src/mqtt_socket.o
                                                  src/mqtt_client.o
MqttSocket_Init                                   src/mqtt_socket.o
                                                  src/mqtt_client.o
MqttSocket_Read                                   src/mqtt_socket.o
                                                  src/mqtt_packet.o
                                                  src/mqtt_client.o
MqttSocket_Write                                  src/mqtt_socket.o
                                                  src/mqtt_packet.o
NMI_Handler                                       src/stm32f1xx_it.o
                                                  src/startup_stm32f10x_md.o
NVIC_Init                                         Libraries/STM32F10x_StdPeriph_Driver/src/misc.o
NVIC_PriorityGroupConfig                          Libraries/STM32F10x_StdPeriph_Driver/src/misc.o
NVIC_SetVectorTable                               Libraries/STM32F10x_StdPeriph_Driver/src/misc.o
NVIC_SystemLPConfig                               Libraries/STM32F10x_StdPeriph_Driver/src/misc.o
PVD_IRQHandler                                    src/startup_stm32f10x_md.o
PWR_BackupAccessCmd                               Libraries/STM32F10x_StdPeriph_Driver/src/stm32f10x_pwr.o
PWR_ClearFlag                                     Libraries/STM32F10x_StdPeriph_Driver/src/stm32f10x_pwr.o
PWR_DeInit                                        Libraries/STM32F10x_StdPeriph_Driver/src/stm32f10x_pwr.o
PWR_EnterSTANDBYMode                              Libraries/STM32F10x_StdPeriph_Driver/src/stm32f10x_pwr.o
PWR_EnterSTOPMode                                 Libraries/STM32F10x_StdPeriph_Driver/src/stm32f10x_pwr.o
PWR_GetFlagStatus                                 Libraries/STM32F10x_StdPeriph_Driver/src/stm32f10x_pwr.o
PWR_PVDCmd                                        Libraries/STM32F10x_StdPeriph_Driver/src/stm32f10x_pwr.o
PWR_PVDLevelConfig                                Libraries/STM32F10x_StdPeriph_Driver/src/stm32f10x_pwr.o
PWR_WakeUpPinCmd                                  Libraries/STM32F10x_StdPeriph_Driver/src/stm32f10x_pwr.o
PendSV_Handler                                    src/stm32f1xx_it.o
                                                  src/startup_stm32f10x_md.o
RCC_ADCCLKConfig                                  Libraries/STM32F10x_StdPeriph_Driver/src/stm32f10x_rcc.o
RCC_AHBPeriphClockCmd                             Libraries/STM32F10x_StdPeriph_Driver/src/stm32f10x_rcc.o
RCC_APB1PeriphClockCmd                            Libraries/STM32F10x_StdPeriph_Driver/src/stm32f10x_rcc.o
                                                  src/tm_stm32_ili9341.o
                                                  src/bmp280_hal.o
RCC_APB1PeriphResetCmd                            Libraries/STM32F10x_StdPeriph_Driver/src/stm32f10x_rcc.o
                                                  Libraries/STM32F10x_StdPeriph_Driver/src/stm32f10x_wwdg.o
                                                  Libraries/STM32F10x_StdPeriph_Driver/src/stm32f10x_usart.o
                                                  Libraries/STM32F10x_StdPeriph_Driver/src/stm32f10x_tim.o
                                                  Libraries/STM32F10x_StdPeriph_Driver/src/stm32f10x_spi.o
                                                  Libraries/STM32F10x_StdPeriph_Driver/src/stm32f10x_pwr.o
                                                  Libraries/STM32F10x_StdPeriph_Driver/src/stm32f10x_i2c.o
                                                  Libraries/STM32F10x_StdPeriph_Driver/src/stm32f10x_dac.o
                                                  Libraries/STM32F10x_StdPeriph_Driver/src/stm32f10x_cec.o
                                                  Libraries/STM32F10x_StdPeriph_Driver/src/stm32f10x_can.o
RCC_APB2PeriphClockCmd                            Libraries/STM32F10x_StdPeriph_Driver/src/stm32f10x_rcc.o
                                                  src/tm_stm32_ili9341.o
                                                  src/nrf24_hal.o
                                                  src/main.o
                                                  src/bmp280_hal.o
RCC_APB2PeriphResetCmd                            Libraries/STM32F10x_StdPeriph_Driver/src/stm32f10x_rcc.o
                                                  Libraries/STM32F10x_StdPeriph_Driver/src/stm32f10x_usart.o
                                                  Libraries/STM32F10x_StdPeriph_Driver/src/stm32f10x_tim.o
                                                  Libraries/STM32F10x_StdPeriph_Driver/src/stm32f10x_spi.o
                                                  Libraries/STM32F10x_StdPeriph_Driver/src/stm32f10x_gpio.o
                                                  Libraries/STM32F10x_StdPeriph_Driver/src/stm32f10x_adc.o
RCC_AdjustHSICalibrationValue                     Libraries/STM32F10x_StdPeriph_Driver/src/stm32f10x_rcc.o
RCC_BackupResetCmd                                Libraries/STM32F10x_StdPeriph_Driver/src/stm32f10x_rcc.o
                                                  Libraries/STM32F10x_StdPeriph_Driver/src/stm32f10x_bkp.o
RCC_ClearFlag                                     Libraries/STM32F10x_StdPeriph_Driver/src/stm32f10x_rcc.o
RCC_ClearITPendingBit                             Libraries/STM32F10x_StdPeriph_Driver/src/stm32f10x_rcc.o
RCC_ClockSecuritySystemCmd                        Libraries/STM32F10x_StdPeriph_Driver/src/stm32f10x_rcc.o
RCC_DeInit                                        Libraries/STM32F10x_StdPeriph_Driver/src/stm32f10x_rcc.o
RCC_GetClocksFreq                                 Libraries/STM32F10x_StdPeriph_Driver/src/stm32f10x_rcc.o
                                                  Libraries/STM32F10x_StdPeriph_Driver/src/stm32f10x_usart.o
                                                  Libraries/STM32F10x_StdPeriph_Driver/src/stm32f10x_spi.o
                                                  Libraries/STM32F10x_StdPeriph_Driver/src/stm32f10x_i2c.o
RCC_GetFlagStatus                                 Libraries/STM32F10x_StdPeriph_Driver/src/stm32f10x_rcc.o
RCC_GetITStatus                                   Libraries/STM32F10x_StdPeriph_Driver/src/stm32f10x_rcc.o
RCC_GetSYSCLKSource                               Libraries/STM32F10x_StdPeriph_Driver/src/stm32f10x_rcc.o
RCC_HCLKConfig                                    Libraries/STM32F10x_StdPeriph_Driver/src/stm32f10x_rcc.o
RCC_HSEConfig                                     Libraries/STM32F10x_StdPeriph_Driver/src/stm32f10x_rcc.o
RCC_HSICmd                                        Libraries/STM32F10x_StdPeriph_Driver/src/stm32f10x_rcc.o
RCC_IRQHandler                                    src/startup_stm32f10x_md.o
RCC_ITConfig                                      Libraries/STM32F10x_StdPeriph_Driver/src/stm32f10x_rcc.o
RCC_LSEConfig                                     Libraries/STM32F10x_StdPeriph_Driver/src/stm32f10x_rcc.o
RCC_LSICmd                                        Libraries/STM32F10x_StdPeriph_Driver/src/stm32f10x_rcc.o
RCC_MCOConfig                                     Libraries/STM32F10x_StdPeriph_Driver/src/stm32f10x_rcc.o
RCC_PCLK1Config                                   Libraries/STM32F10x_StdPeriph_Driver/src/stm32f10x_rcc.o
RCC_PCLK2Config                                   Libraries/STM32F10x_StdPeriph_Driver/src/stm32f10x_rcc.o
RCC_PLLCmd                                        Libraries/STM32F10x_StdPeriph_Driver/src/stm32f10x_rcc.o
RCC_PLLConfig                                     Libraries/STM32F10x_StdPeriph_Driver/src/stm32f10x_rcc.o
RCC_RTCCLKCmd                                     Libraries/STM32F10x_StdPeriph_Driver/src/stm32f10x_rcc.o
RCC_RTCCLKConfig                                  Libraries/STM32F10x_StdPeriph_Driver/src/stm32f10x_rcc.o
RCC_SYSCLKConfig                                  Libraries/STM32F10x_StdPeriph_Driver/src/stm32f10x_rcc.o
RCC_USBCLKConfig                                  Libraries/STM32F10x_StdPeriph_Driver/src/stm32f10x_rcc.o
RCC_WaitForHSEStartUp                             Libraries/STM32F10x_StdPeriph_Driver/src/stm32f10x_rcc.o
RTCAlarm_IRQHandler                               src/startup_stm32f10x_md.o
RTC_ClearFlag                                     Libraries/STM32F10x_StdPeriph_Driver/src/stm32f10x_rtc.o
RTC_ClearITPendingBit                             Libraries/STM32F10x_StdPeriph_Driver/src/stm32f10x_rtc.o
RTC_EnterConfigMode                               Libraries/STM32F10x_StdPeriph_Driver/src/stm32f10x_rtc.o
RTC_ExitConfigMode                                Libraries/STM32F10x_StdPeriph_Driver/src/stm32f10x_rtc.o
RTC_GetCounter                                    Libraries/STM32F10x_StdPeriph_Driver/src/stm32f10x_rtc.o
RTC_GetDivider                                    Libraries/STM32F10x_StdPeriph_Driver/src/stm32f10x_rtc.o
RTC_GetFlagStatus                                 Libraries/STM32F10x_StdPeriph_Driver/src/stm32f10x_rtc.o
RTC_GetITStatus                                   Libraries/STM32F10x_StdPeriph_Driver/src/stm32f10x_rtc.o
RTC_IRQHandler                                    src/startup_stm32f10x_md.o
RTC_ITConfig                                      Libraries/STM32F10x_StdPeriph_Driver/src/stm32f10x_rtc.o
RTC_SetAlarm                                      Libraries/STM32F10x_StdPeriph_Driver/src/stm32f10x_rtc.o
RTC_SetCounter                                    Libraries/STM32F10x_StdPeriph_Driver/src/stm32f10x_rtc.o
RTC_SetPrescaler                                  Libraries/STM32F10x_StdPeriph_Driver/src/stm32f10x_rtc.o
RTC_WaitForLastTask                               Libraries/STM32F10x_StdPeriph_Driver/src/stm32f10x_rtc.o
RTC_WaitForSynchro                                Libraries/STM32F10x_StdPeriph_Driver/src/stm32f10x_rtc.o
Reset_Handler                                     src/startup_stm32f10x_md.o
SDIO_CEATAITCmd                                   Libraries/STM32F10x_StdPeriph_Driver/src/stm32f10x_sdio.o
SDIO_ClearFlag                                    Libraries/STM32F10x_StdPeriph_Driver/src/stm32f10x_sdio.o
SDIO_ClearITPendingBit                            Libraries/STM32F10x_StdPeriph_Driver/src/stm32f10x_sdio.o
SDIO_ClockCmd                                     Libraries/STM32F10x_StdPeriph_Driver/src/stm32f10x_sdio.o
SDIO_CmdStructInit                                Libraries/STM32F10x_StdPeriph_Driver/src/stm32f10x_sdio.o
SDIO_CommandCompletionCmd                         Libraries/STM32F10x_StdPeriph_Driver/src/stm32f10x_sdio.o
SDIO_DMACmd                                       Libraries/STM32F10x_StdPeriph_Driver/src/stm32f10x_sdio.o
SDIO_DataConfig                                   Libraries/STM32F10x_StdPeriph_Driver/src/stm32f10x_sdio.o
SDIO_DataStructInit                               Libraries/STM32F10x_StdPeriph_Driver/src/stm32f10x_sdio.o
SDIO_DeInit                                       Libraries/STM32F10x_StdPeriph_Driver/src/stm32f10x_sdio.o
SDIO_GetCommandResponse                           Libraries/STM32F10x_StdPeriph_Driver/src/stm32f10x_sdio.o
SDIO_GetDataCounter                               Libraries/STM32F10x_StdPeriph_Driver/src/stm32f10x_sdio.o
SDIO_GetFIFOCount                                 Libraries/STM32F10x_StdPeriph_Driver/src/stm32f10x_sdio.o
SDIO_GetFlagStatus                                Libraries/STM32F10x_StdPeriph_Driver/src/stm32f10x_sdio.o
SDIO_GetITStatus                                  Libraries/STM32F10x_StdPeriph_Driver/src/stm32f10x_sdio.o
SDIO_GetPowerState                                Libraries/STM32F10x_StdPeriph_Driver/src/stm32f10x_sdio.o
SDIO_GetResponse                                  Libraries/STM32F10x_StdPeriph_Driver/src/stm32f10x_sdio.o
SDIO_ITConfig                                     Libraries/STM32F10x_StdPeriph_Driver/src/stm32f10x_sdio.o
SDIO_Init                                         Libraries/STM32F10x_StdPeriph_Driver/src/stm32f10x_sdio.o
SDIO_ReadData                                     Libraries/STM32F10x_StdPeriph_Driver/src/stm32f10x_sdio.o
SDIO_SendCEATACmd                                 Libraries/STM32F10x_StdPeriph_Driver/src/stm32f10x_sdio.o
SDIO_SendCommand                                  Libraries/STM32F10x_StdPeriph_Driver/src/stm32f10x_sdio.o
SDIO_SendSDIOSuspendCmd                           Libraries/STM32F10x_StdPeriph_Driver/src/stm32f10x_sdio.o
SDIO_SetPowerState                                Libraries/STM32F10x_StdPeriph_Driver/src/stm32f10x_sdio.o
SDIO_SetSDIOOperation                             Libraries/STM32F10x_StdPeriph_Driver/src/stm32f10x_sdio.o
SDIO_SetSDIOReadWaitMode                          Libraries/STM32F10x_StdPeriph_Driver/src/stm32f10x_sdio.o
SDIO_StartSDIOReadWait                            Libraries/STM32F10x_StdPeriph_Driver/src/stm32f10x_sdio.o
SDIO_StopSDIOReadWait                             Libraries/STM32F10x_StdPeriph_Driver/src/stm32f10x_sdio.o
SDIO_StructInit                                   Libraries/STM32F10x_StdPeriph_Driver/src/stm32f10x_sdio.o
SDIO_WriteData                                    Libraries/STM32F10x_StdPeriph_Driver/src/stm32f10x_sdio.o
SPI1_IRQHandler                                   src/startup_stm32f10x_md.o
SPI2_IRQHandler                                   src/startup_stm32f10x_md.o
SPI_BiDirectionalLineConfig                       Libraries/STM32F10x_StdPeriph_Driver/src/stm32f10x_spi.o
SPI_CalculateCRC                                  Libraries/STM32F10x_StdPeriph_Driver/src/stm32f10x_spi.o
SPI_Cmd                                           Libraries/STM32F10x_StdPeriph_Driver/src/stm32f10x_spi.o
                                                  src/nrf24_hal.o
                                                  src/bmp280_hal.o
SPI_DataSizeConfig                                Libraries/STM32F10x_StdPeriph_Driver/src/stm32f10x_spi.o
SPI_GetCRC                                        Libraries/STM32F10x_StdPeriph_Driver/src/stm32f10x_spi.o
SPI_GetCRCPolynomial                              Libraries/STM32F10x_StdPeriph_Driver/src/stm32f10x_spi.o
SPI_I2S_ClearFlag                                 Libraries/STM32F10x_StdPeriph_Driver/src/stm32f10x_spi.o
SPI_I2S_ClearITPendingBit                         Libraries/STM32F10x_StdPeriph_Driver/src/stm32f10x_spi.o
SPI_I2S_DMACmd                                    Libraries/STM32F10x_StdPeriph_Driver/src/stm32f10x_spi.o
SPI_I2S_DeInit                                    Libraries/STM32F10x_StdPeriph_Driver/src/stm32f10x_spi.o
SPI_I2S_GetFlagStatus                             Libraries/STM32F10x_StdPeriph_Driver/src/stm32f10x_spi.o
                                                  src/tm_stm32_ili9341.o
                                                  src/nrf24_hal.o
                                                  src/bmp280_hal.o
SPI_I2S_GetITStatus                               Libraries/STM32F10x_StdPeriph_Driver/src/stm32f10x_spi.o
SPI_I2S_ITConfig                                  Libraries/STM32F10x_StdPeriph_Driver/src/stm32f10x_spi.o
SPI_I2S_ReceiveData                               Libraries/STM32F10x_StdPeriph_Driver/src/stm32f10x_spi.o
                                                  src/tm_stm32_ili9341.o
                                                  src/nrf24_hal.o
                                                  src/bmp280_hal.o
SPI_I2S_SendData                                  Libraries/STM32F10x_StdPeriph_Driver/src/stm32f10x_spi.o
                                                  src/tm_stm32_ili9341.o
                                                  src/nrf24_hal.o
                                                  src/bmp280_hal.o
SPI_Init                                          Libraries/STM32F10x_StdPeriph_Driver/src/stm32f10x_spi.o
                                                  src/nrf24_hal.o
                                                  src/bmp280_hal.o
SPI_NSSInternalSoftwareConfig                     Libraries/STM32F10x_StdPeriph_Driver/src/stm32f10x_spi.o
SPI_SSOutputCmd                                   Libraries/STM32F10x_StdPeriph_Driver/src/stm32f10x_spi.o
                                                  src/nrf24_hal.o
                                                  src/bmp280_hal.o
SPI_StructInit                                    Libraries/STM32F10x_StdPeriph_Driver/src/stm32f10x_spi.o
SPI_TransmitCRC                                   Libraries/STM32F10x_StdPeriph_Driver/src/stm32f10x_spi.o
SVC_Handler                                       src/stm32f1xx_it.o
                                                  src/startup_stm32f10x_md.o
SysTick_CLKSourceConfig                           Libraries/STM32F10x_StdPeriph_Driver/src/misc.o
SysTick_Handler                                   src/stm32f1xx_it.o
                                                  src/startup_stm32f10x_md.o
SystemCoreClock                                   src/system_stm32f10x.o
SystemCoreClockUpdate                             src/system_stm32f10x.o
SystemInit                                        src/system_stm32f10x.o
                                                  src/startup_stm32f10x_md.o
TAMPER_IRQHandler                                 src/startup_stm32f10x_md.o
TIM1_BRK_IRQHandler                               src/startup_stm32f10x_md.o
TIM1_CC_IRQHandler                                src/startup_stm32f10x_md.o
TIM1_TRG_COM_IRQHandler                           src/startup_stm32f10x_md.o
TIM1_UP_IRQHandler                                src/startup_stm32f10x_md.o
TIM2_IRQHandler                                   src/startup_stm32f10x_md.o
TIM3_IRQHandler                                   src/startup_stm32f10x_md.o
TIM4_IRQHandler                                   src/startup_stm32f10x_md.o
TIM_ARRPreloadConfig                              Libraries/STM32F10x_StdPeriph_Driver/src/stm32f10x_tim.o
TIM_BDTRConfig                                    Libraries/STM32F10x_StdPeriph_Driver/src/stm32f10x_tim.o
TIM_BDTRStructInit                                Libraries/STM32F10x_StdPeriph_Driver/src/stm32f10x_tim.o
TIM_CCPreloadControl                              Libraries/STM32F10x_StdPeriph_Driver/src/stm32f10x_tim.o
TIM_CCxCmd                                        Libraries/STM32F10x_StdPeriph_Driver/src/stm32f10x_tim.o