libemqtt.c:54:6:mqtt_broker_init	16	static
libemqtt.c:60:9:mqtt_broker_get_first_free_client_pos	24	static
libemqtt.c:71:6:mqtt_parse_packet	24	static
libemqtt.c:121:6:mqtt_broker_try_accept	24	static
libemqtt.c:133:9:mqtt_num_rem_len_bytes	24	static
libemqtt.c:150:10:mqtt_parse_rem_len	24	static
libemqtt.c:169:10:mqtt_parse_msg_id	24	static
libemqtt.c:199:10:mqtt_parse_pub_topic	24	static
libemqtt.c:212:10:mqtt_parse_pub_topic_ptr	24	static
libemqtt.c:230:10:mqtt_parse_publish_msg	24	static
libemqtt.c:244:10:mqtt_parse_pub_msg_ptr	24	static
libemqtt.c:275:6:mqtt_init	24	static
libemqtt.c:299:6:mqtt_init_auth	24	static
libemqtt.c:306:6:mqtt_set_alive	16	static
libemqtt.c:310:5:mqtt_connect	104	dynamic
libemqtt.c:400:5:mqtt_disconnect	24	static
libemqtt.c:414:5:mqtt_ping	24	static
libemqtt.c:428:5:mqtt_publish	32	static
libemqtt.c:432:5:mqtt_publish_with_qos	128	dynamic
libemqtt.c:503:5:mqtt_pubrel	24	static
libemqtt.c:519:5:mqtt_subscribe	96	dynamic
libemqtt.c:558:5:mqtt_unsubscribe	96	dynamic
