nrf24.c:19:6:_delay_ms	24	static
nrf24.c:34:6:l3_send_packet	56	static
nrf24.c:71:6:l3_receive_packet	24	static
nrf24.c:101:6:nrf24_init	8	static
nrf24.c:110:6:nRF24_restore_defaults	16	static
nrf24.c:148:6:nrf24_config	16	static
nrf24.c:191:6:nrf24_rx_address	16	static
nrf24.c:198:9:nrf24_payload_length	4	static
nrf24.c:203:6:nrf24_tx_address	16	static
nrf24.c:211:9:nrf24_dataReady	16	static
nrf24.c:225:9:nrf24_rxFifoEmpty	16	static
nrf24.c:234:9:nrf24_payloadLength	16	static
nrf24.c:244:6:nrf24_getData	16	static
nrf24.c:262:9:nrf24_retransmissionCount	16	static
nrf24.c:271:6:nrf24_send	16	static
nrf24.c:307:9:nrf24_isSending	16	static
nrf24.c:322:9:nrf24_getStatus	16	static
nrf24.c:330:9:nrf24_lastMessageStatus	16	static
nrf24.c:350:6:nrf24_powerUpRx	8	static
nrf24.c:363:6:nrf24_powerUpTx	8	static
nrf24.c:370:6:nrf24_powerDown	8	static
nrf24.c:376:9:spi_transfer	24	static
nrf24.c:385:6:nrf24_transferSync	40	static
nrf24.c:395:6:nrf24_transmitSync	24	static
nrf24.c:405:6:nrf24_configRegister	16	static
nrf24.c:413:6:nrf24_readRegister	16	static
nrf24.c:421:6:nrf24_writeRegister	16	static
